Archive member included because of file (symbol)

c:/program files (x86)/microchip/xc32/v1.34/bin/bin/../../lib/gcc/pic32mx/4.5.2/../../../../pic32mx/lib\libmchp_peripheral_32MX250F128B.a(int_enable_interrupts_lib.o)
                              build/default/production/main.o (INTEnableInterrupts)
c:/program files (x86)/microchip/xc32/v1.34/bin/bin/../../lib/gcc/pic32mx/4.5.2/../../../../pic32mx/lib\libmchp_peripheral_32MX250F128B.a(int_disable_interrupts_lib.o)
                              build/default/production/main.o (INTDisableInterrupts)
c:/program files (x86)/microchip/xc32/v1.34/bin/bin/../../lib/gcc/pic32mx/4.5.2/../../../../pic32mx/lib\libmchp_peripheral_32MX250F128B.a(int_restore_interrupts_lib.o)
                              build/default/production/main.o (INTRestoreInterrupts)
c:/program files (x86)/microchip/xc32/v1.34/bin/bin/../../lib/gcc/pic32mx/4.5.2/../../../../pic32mx/lib\libpic32.a(memcpy.o)
                              build/default/production/_ext/225506863/list.o (memcpy)
c:/program files (x86)/microchip/xc32/v1.34/bin/bin/../../lib/gcc/pic32mx/4.5.2/../../../../pic32mx/lib\libpic32.a(strlen.o)
                              build/default/production/_ext/225506863/subsys.o (strlen)
c:/program files (x86)/microchip/xc32/v1.34/bin/bin/../../lib/gcc/pic32mx/4.5.2/../../../../pic32mx/lib\libpic32.a(default-bootstrap-exception-handler.o)
                              c:/program files (x86)/microchip/xc32/v1.34/bin/bin/../../lib/gcc/pic32mx/4.5.2/../../../../pic32mx/lib/./proc/32MX250F128B/crt0_mips32r2.o (_bootstrap_exception_handler)
c:/program files (x86)/microchip/xc32/v1.34/bin/bin/../../lib/gcc/pic32mx/4.5.2/../../../../pic32mx/lib\libpic32.a(default-on-reset.o)
                              c:/program files (x86)/microchip/xc32/v1.34/bin/bin/../../lib/gcc/pic32mx/4.5.2/../../../../pic32mx/lib/./proc/32MX250F128B/crt0_mips32r2.o (_on_reset)
c:/program files (x86)/microchip/xc32/v1.34/bin/bin/../../lib/gcc/pic32mx/4.5.2/../../../../pic32mx/lib\libpic32.a(default-on-bootstrap.o)
                              c:/program files (x86)/microchip/xc32/v1.34/bin/bin/../../lib/gcc/pic32mx/4.5.2/../../../../pic32mx/lib/./proc/32MX250F128B/crt0_mips32r2.o (_on_bootstrap)
c:/program files (x86)/microchip/xc32/v1.34/bin/bin/../../lib/gcc/pic32mx/4.5.2/../../../../pic32mx/lib\libpic32.a(default-nmi-handler.o)
                              c:/program files (x86)/microchip/xc32/v1.34/bin/bin/../../lib/gcc/pic32mx/4.5.2/../../../../pic32mx/lib/./proc/32MX250F128B/crt0_mips32r2.o (_nmi_handler)
c:/program files (x86)/microchip/xc32/v1.34/bin/bin/../../lib/gcc/pic32mx/4.5.2/../../../../pic32mx/lib\libpic32.a(general-exception.o)
                              c:/program files (x86)/microchip/xc32/v1.34/bin/bin/../../lib/gcc/pic32mx/4.5.2/../../../../pic32mx/lib/./proc/32MX250F128B/crt0_mips32r2.o (_general_exception_context)
c:/program files (x86)/microchip/xc32/v1.34/bin/bin/../../lib/gcc/pic32mx/4.5.2/../../../../pic32mx/lib\libpic32.a(vector0.o)
                              c:/program files (x86)/microchip/xc32/v1.34/bin/bin/../../lib/gcc/pic32mx/4.5.2/../../../../pic32mx/lib/./proc/32MX250F128B\default_isr_vectors.o (__vector_dispatch_0)
c:/program files (x86)/microchip/xc32/v1.34/bin/bin/../../lib/gcc/pic32mx/4.5.2/../../../../pic32mx/lib\libpic32.a(vector1.o)
                              c:/program files (x86)/microchip/xc32/v1.34/bin/bin/../../lib/gcc/pic32mx/4.5.2/../../../../pic32mx/lib/./proc/32MX250F128B\default_isr_vectors.o (__vector_dispatch_1)
c:/program files (x86)/microchip/xc32/v1.34/bin/bin/../../lib/gcc/pic32mx/4.5.2/../../../../pic32mx/lib\libpic32.a(vector2.o)
                              c:/program files (x86)/microchip/xc32/v1.34/bin/bin/../../lib/gcc/pic32mx/4.5.2/../../../../pic32mx/lib/./proc/32MX250F128B\default_isr_vectors.o (__vector_dispatch_2)
c:/program files (x86)/microchip/xc32/v1.34/bin/bin/../../lib/gcc/pic32mx/4.5.2/../../../../pic32mx/lib\libpic32.a(vector3.o)
                              c:/program files (x86)/microchip/xc32/v1.34/bin/bin/../../lib/gcc/pic32mx/4.5.2/../../../../pic32mx/lib/./proc/32MX250F128B\default_isr_vectors.o (__vector_dispatch_3)
c:/program files (x86)/microchip/xc32/v1.34/bin/bin/../../lib/gcc/pic32mx/4.5.2/../../../../pic32mx/lib\libpic32.a(vector4.o)
                              c:/program files (x86)/microchip/xc32/v1.34/bin/bin/../../lib/gcc/pic32mx/4.5.2/../../../../pic32mx/lib/./proc/32MX250F128B\default_isr_vectors.o (__vector_dispatch_4)
c:/program files (x86)/microchip/xc32/v1.34/bin/bin/../../lib/gcc/pic32mx/4.5.2/../../../../pic32mx/lib\libpic32.a(vector5.o)
                              c:/program files (x86)/microchip/xc32/v1.34/bin/bin/../../lib/gcc/pic32mx/4.5.2/../../../../pic32mx/lib/./proc/32MX250F128B\default_isr_vectors.o (__vector_dispatch_5)
c:/program files (x86)/microchip/xc32/v1.34/bin/bin/../../lib/gcc/pic32mx/4.5.2/../../../../pic32mx/lib\libpic32.a(vector6.o)
[...]
Memory Configuration

Name             Origin             Length             Attributes
kseg0_program_mem 0x9d000000         0x0001f000         xr
exception_mem    0x9d01f000         0x00001000
debug_exec_mem   0x9fc00490         0x00000760
kseg0_boot_mem   0x9fc00490         0x00000000
kseg1_boot_mem   0xbfc00000         0x00000490
config3          0xbfc00bf0         0x00000004
config2          0xbfc00bf4         0x00000004
config1          0xbfc00bf8         0x00000004
config0          0xbfc00bfc         0x00000004
kseg1_data_mem   0xa0000000         0x00008000         w !x
sfrs             0xbf800000         0x00100000
configsfrs       0xbfc00bf0         0x00000010
*default*        0x00000000         0xffffffff

Linker script and memory map

LOAD c:/program files (x86)/microchip/xc32/v1.34/bin/bin/../../lib/gcc/pic32mx/4.5.2/../../../../pic32mx/lib/./proc/32MX250F128B/crt0_mips32r2.o
LOAD c:/program files (x86)/microchip/xc32/v1.34/bin/bin/../../lib/gcc/pic32mx/4.5.2/../../../../pic32mx/lib\debug-exception-return.o
LOAD build/default/production/main.o
LOAD build/default/production/configuration_bits.o
LOAD build/default/production/_ext/225506863/uart.o
LOAD build/default/production/_ext/225506863/buffer.o
LOAD build/default/production/_ext/225506863/buffer_printf.o
LOAD build/default/production/_ext/225506863/charReceiverList.o
LOAD build/default/production/_ext/225506863/event.o
LOAD build/default/production/_ext/225506863/game.o
LOAD build/default/production/_ext/225506863/itemBuffer.o
LOAD build/default/production/_ext/225506863/list.o
LOAD build/default/production/_ext/225506863/random_int.o
LOAD build/default/production/_ext/225506863/subsys.o
LOAD build/default/production/_ext/225506863/task.o
LOAD build/default/production/_ext/225506863/terminal.o
LOAD build/default/production/_ext/225506863/timing.o
LOAD build/default/production/_ext/1617561100/hal_uart.o
LOAD build/default/production/bomberman.o
LOAD build/default/production/_ext/225506863/nrf24.o
LOAD build/default/production/_ext/225506863/nrf24network.o
LOAD build/default/production/_ext/225506863/spi.o
LOAD build/default/production/_ext/1210019540/hal_spi.o
LOAD build/default/production/bomberman_graphics.o
LOAD build/default/production/bomberman_map.o
LOAD build/default/production/bomberman_networking.o
                0x00000001                __MPLAB_BUILD = 0x1
LOAD c:/program files (x86)/microchip/xc32/v1.34/bin/bin/../../lib/gcc/pic32mx/4.5.2/../../../../pic32mx/lib/./proc/32MX250F128B\default_isr_vectors.o
LOAD c:/program files (x86)/microchip/xc32/v1.34/bin/bin/../../lib/gcc/pic32mx/4.5.2/../../../../pic32mx/lib\pic32_software_reset.o
                0x00000400                PROVIDE (_min_stack_size, 0x400)
LOAD c:/program files (x86)/microchip/xc32/v1.34/bin/bin/../../lib/gcc/pic32mx/4.5.2/../../../../pic32mx/lib/./proc/32MX250F128B\processor.o
START GROUP
LOAD c:/program files (x86)/microchip/xc32/v1.34/bin/bin/../../lib/gcc/pic32mx/4.5.2/../../../../pic32mx/lib\libmchp_peripheral.a
END GROUP
START GROUP
LOAD c:/program files (x86)/microchip/xc32/v1.34/bin/bin/../../lib/gcc/pic32mx/4.5.2/../../../../pic32mx/lib\libmchp_peripheral_32MX250F128B.a
END GROUP
                0x00000001                PROVIDE (_vector_spacing, 0x1)
                0x9d01f000                _ebase_address = 0x9d01f000
                0xbfc00000                _RESET_ADDR = 0xbfc00000
                0xbfc00380                _BEV_EXCPT_ADDR = 0xbfc00380
                0xbfc00480                _DBG_EXCPT_ADDR = 0xbfc00480
                0x9fc00490                _DBG_CODE_ADDR = 0x9fc00490
                0x00000760                _DBG_CODE_SIZE = 0x760
                0x9d01f180                _GEN_EXCPT_ADDR = (_ebase_address + 0x180)

.config_BFC00BF0
                0xbfc00bf0        0x4
 *(.config_BFC00BF0)
 .config_BFC00BF0
                0xbfc00bf0        0x4 build/default/production/configuration_bits.o

.config_BFC00BF4
                0xbfc00bf4        0x4
 *(.config_BFC00BF4)
 .config_BFC00BF4
                0xbfc00bf4        0x4 build/default/production/configuration_bits.o

.config_BFC00BF8
                0xbfc00bf8        0x4
 *(.config_BFC00BF8)
 .config_BFC00BF8
                0xbfc00bf8        0x4 build/default/production/configuration_bits.o

.config_BFC00BFC
                0xbfc00bfc        0x4
 *(.config_BFC00BFC)
 .config_BFC00BFC
                0xbfc00bfc        0x4 build/default/production/configuration_bits.o
                0xbfc02000                PROVIDE (_DBG_CODE_ADDR, 0xbfc02000)
                0x00000ff0                PROVIDE (_DBG_CODE_SIZE, 0xff0)

.reset          0xbfc00000      0x1cc
 *(.reset)
 .reset         0xbfc00000        0x8 c:/program files (x86)/microchip/xc32/v1.34/bin/bin/../../lib/gcc/pic32mx/4.5.2/../../../../pic32mx/lib/./proc/32MX250F128B/crt0_mips32r2.o
                0xbfc00000                _reset
 *(.reset.startup)
 .reset.startup
                0xbfc00008      0x1c4 c:/program files (x86)/microchip/xc32/v1.34/bin/bin/../../lib/gcc/pic32mx/4.5.2/../../../../pic32mx/lib/./proc/32MX250F128B/crt0_mips32r2.o

.bev_excpt      0xbfc00380       0x10
 *(.bev_handler)
 .bev_handler   0xbfc00380       0x10 c:/program files (x86)/microchip/xc32/v1.34/bin/bin/../../lib/gcc/pic32mx/4.5.2/../../../../pic32mx/lib/./proc/32MX250F128B/crt0_mips32r2.o

.dbg_excpt      0xbfc00480        0x0
                0xbfc00480                . = (. + DEFINED (_DEBUGGER)?0x8:0x0)

.dbg_code       0x9fc00490        0x0
                0x9fc00490                . = (. + DEFINED (_DEBUGGER)?_DBG_CODE_SIZE:0x0)

.app_excpt      0x9d01f180       0x10
 *(.gen_handler)
 .gen_handler   0x9d01f180       0x10 c:/program files (x86)/microchip/xc32/v1.34/bin/bin/../../lib/gcc/pic32mx/4.5.2/../../../../pic32mx/lib/./proc/32MX250F128B/crt0_mips32r2.o

.vector_0       0x9d01f200        0x8
 *(.vector_0)
 .vector_0      0x9d01f200        0x8 c:/program files (x86)/microchip/xc32/v1.34/bin/bin/../../lib/gcc/pic32mx/4.5.2/../../../../pic32mx/lib\libpic32.a(vector0.o)
                0x9d01f200                __vector_dispatch_0
                0x00000001                ASSERT (((_vector_spacing == 0x0) || (SIZEOF (.vector_0) <= (_vector_spacing << 0x5))), function at exception vector 0 too large)

.vector_1       0x9d01f220        0x8
 *(.vector_1)
 .vector_1      0x9d01f220        0x8 c:/program files (x86)/microchip/xc32/v1.34/bin/bin/../../lib/gcc/pic32mx/4.5.2/../../../../pic32mx/lib\libpic32.a(vector1.o)
                0x9d01f220                __vector_dispatch_1
                0x00000001                ASSERT (((_vector_spacing == 0x0) || (SIZEOF (.vector_1) <= (_vector_spacing << 0x5))), function at exception vector 1 too large)

.vector_2       0x9d01f240        0x8
 *(.vector_2)
 .vector_2      0x9d01f240        0x8 c:/program files (x86)/microchip/xc32/v1.34/bin/bin/../../lib/gcc/pic32mx/4.5.2/../../../../pic32mx/lib\libpic32.a(vector2.o)
                0x9d01f240                __vector_dispatch_2
                0x00000001                ASSERT (((_vector_spacing == 0x0) || (SIZEOF (.vector_2) <= (_vector_spacing << 0x5))), function at exception vector 2 too large)

.vector_3       0x9d01f260        0x8
 *(.vector_3)
 .vector_3      0x9d01f260        0x8 c:/program files (x86)/microchip/xc32/v1.34/bin/bin/../../lib/gcc/pic32mx/4.5.2/../../../../pic32mx/lib\libpic32.a(vector3.o)
                0x9d01f260                __vector_dispatch_3
                0x00000001                ASSERT (((_vector_spacing == 0x0) || (SIZEOF (.vector_3) <= (_vector_spacing << 0x5))), function at exception vector 3 too large)

.vector_4       0x9d01f280        0x8
 *(.vector_4)
 .vector_4      0x9d01f280        0x8 c:/program files (x86)/microchip/xc32/v1.34/bin/bin/../../lib/gcc/pic32mx/4.5.2/../../../../pic32mx/lib\libpic32.a(vector4.o)
                0x9d01f280                __vector_dispatch_4
                0x00000001                ASSERT (((_vector_spacing == 0x0) || (SIZEOF (.vector_4) <= (_vector_spacing << 0x5))), function at exception vector 4 too large)

.vector_5       0x9d01f2a0        0x8
 *(.vector_5)
 .vector_5      0x9d01f2a0        0x8 c:/program files (x86)/microchip/xc32/v1.34/bin/bin/../../lib/gcc/pic32mx/4.5.2/../../../../pic32mx/lib\libpic32.a(vector5.o)
                0x9d01f2a0                __vector_dispatch_5
                0x00000001                ASSERT (((_vector_spacing == 0x0) || (SIZEOF (.vector_5) <= (_vector_spacing << 0x5))), function at exception vector 5 too large)

.vector_6       0x9d01f2c0        0x8
 *(.vector_6)
 .vector_6      0x9d01f2c0        0x8 c:/program files (x86)/microchip/xc32/v1.34/bin/bin/../../lib/gcc/pic32mx/4.5.2/../../../../pic32mx/lib\libpic32.a(vector6.o)
                0x9d01f2c0                __vector_dispatch_6
                0x00000001                ASSERT (((_vector_spacing == 0x0) || (SIZEOF (.vector_6) <= (_vector_spacing << 0x5))), function at exception vector 6 too large)

.vector_7       0x9d01f2e0        0x8
 *(.vector_7)
 .vector_7      0x9d01f2e0        0x8 c:/program files (x86)/microchip/xc32/v1.34/bin/bin/../../lib/gcc/pic32mx/4.5.2/../../../../pic32mx/lib\libpic32.a(vector7.o)
                0x9d01f2e0                __vector_dispatch_7
                0x00000001                ASSERT (((_vector_spacing == 0x0) || (SIZEOF (.vector_7) <= (_vector_spacing << 0x5))), function at exception vector 7 too large)

.vector_8       0x9d01f300        0x8
 *(.vector_8)
 .vector_8      0x9d01f300        0x8 build/default/production/_ext/225506863/timing.o
                0x9d01f300                __vector_dispatch_8
                0x00000001                ASSERT (((_vector_spacing == 0x0) || (SIZEOF (.vector_8) <= (_vector_spacing << 0x5))), function at exception vector 8 too large)

.vector_9       0x9d01f320        0x8
 *(.vector_9)
 .vector_9      0x9d01f320        0x8 c:/program files (x86)/microchip/xc32/v1.34/bin/bin/../../lib/gcc/pic32mx/4.5.2/../../../../pic32mx/lib\libpic32.a(vector9.o)
                0x9d01f320                __vector_dispatch_9
                0x00000001                ASSERT (((_vector_spacing == 0x0) || (SIZEOF (.vector_9) <= (_vector_spacing << 0x5))), function at exception vector 9 too large)

.vector_10      0x9d01f340        0x8
 *(.vector_10)
 .vector_10     0x9d01f340        0x8 c:/program files (x86)/microchip/xc32/v1.34/bin/bin/../../lib/gcc/pic32mx/4.5.2/../../../../pic32mx/lib\libpic32.a(vector10.o)
                0x9d01f340                __vector_dispatch_10
                0x00000001                ASSERT (((_vector_spacing == 0x0) || (SIZEOF (.vector_10) <= (_vector_spacing << 0x5))), function at exception vector 10 too large)

.vector_11      0x9d01f360        0x8
 *(.vector_11)
 .vector_11     0x9d01f360        0x8 c:/program files (x86)/microchip/xc32/v1.34/bin/bin/../../lib/gcc/pic32mx/4.5.2/../../../../pic32mx/lib\libpic32.a(vector11.o)
                0x9d01f360                __vector_dispatch_11
                0x00000001                ASSERT (((_vector_spacing == 0x0) || (SIZEOF (.vector_11) <= (_vector_spacing << 0x5))), function at exception vector 11 too large)

.vector_12      0x9d01f380        0x8
 *(.vector_12)
 .vector_12     0x9d01f380        0x8 c:/program files (x86)/microchip/xc32/v1.34/bin/bin/../../lib/gcc/pic32mx/4.5.2/../../../../pic32mx/lib\libpic32.a(vector12.o)
                0x9d01f380                __vector_dispatch_12
                0x00000001                ASSERT (((_vector_spacing == 0x0) || (SIZEOF (.vector_12) <= (_vector_spacing << 0x5))), function at exception vector 12 too large)

.vector_13      0x9d01f3a0        0x8
 *(.vector_13)
 .vector_13     0x9d01f3a0        0x8 c:/program files (x86)/microchip/xc32/v1.34/bin/bin/../../lib/gcc/pic32mx/4.5.2/../../../../pic32mx/lib\libpic32.a(vector13.o)
                0x9d01f3a0                __vector_dispatch_13
                0x00000001                ASSERT (((_vector_spacing == 0x0) || (SIZEOF (.vector_13) <= (_vector_spacing << 0x5))), function at exception vector 13 too large)

.vector_14      0x9d01f3c0        0x8
 *(.vector_14)
 .vector_14     0x9d01f3c0        0x8 c:/program files (x86)/microchip/xc32/v1.34/bin/bin/../../lib/gcc/pic32mx/4.5.2/../../../../pic32mx/lib\libpic32.a(vector14.o)
                0x9d01f3c0                __vector_dispatch_14
                0x00000001                ASSERT (((_vector_spacing == 0x0) || (SIZEOF (.vector_14) <= (_vector_spacing << 0x5))), function at exception vector 14 too large)

.vector_15      0x9d01f3e0        0x8
 *(.vector_15)
 .vector_15     0x9d01f3e0        0x8 c:/program files (x86)/microchip/xc32/v1.34/bin/bin/../../lib/gcc/pic32mx/4.5.2/../../../../pic32mx/lib\libpic32.a(vector15.o)
                0x9d01f3e0                __vector_dispatch_15
                0x00000001                ASSERT (((_vector_spacing == 0x0) || (SIZEOF (.vector_15) <= (_vector_spacing << 0x5))), function at exception vector 15 too large)

.vector_16      0x9d01f400        0x8
 *(.vector_16)
 .vector_16     0x9d01f400        0x8 c:/program files (x86)/microchip/xc32/v1.34/bin/bin/../../lib/gcc/pic32mx/4.5.2/../../../../pic32mx/lib\libpic32.a(vector16.o)
                0x9d01f400                __vector_dispatch_16
                0x00000001                ASSERT (((_vector_spacing == 0x0) || (SIZEOF (.vector_16) <= (_vector_spacing << 0x5))), function at exception vector 16 too large)

.vector_17      0x9d01f420        0x8
 *(.vector_17)
 .vector_17     0x9d01f420        0x8 c:/program files (x86)/microchip/xc32/v1.34/bin/bin/../../lib/gcc/pic32mx/4.5.2/../../../../pic32mx/lib\libpic32.a(vector17.o)
                0x9d01f420                __vector_dispatch_17
                0x00000001                ASSERT (((_vector_spacing == 0x0) || (SIZEOF (.vector_17) <= (_vector_spacing << 0x5))), function at exception vector 17 too large)

.vector_18      0x9d01f440        0x8
 *(.vector_18)
 .vector_18     0x9d01f440        0x8 c:/program files (x86)/microchip/xc32/v1.34/bin/bin/../../lib/gcc/pic32mx/4.5.2/../../../../pic32mx/lib\libpic32.a(vector18.o)
                0x9d01f440                __vector_dispatch_18
                0x00000001                ASSERT (((_vector_spacing == 0x0) || (SIZEOF (.vector_18) <= (_vector_spacing << 0x5))), function at exception vector 18 too large)

.vector_19      0x9d01f460        0x8
 *(.vector_19)
 .vector_19     0x9d01f460        0x8 c:/program files (x86)/microchip/xc32/v1.34/bin/bin/../../lib/gcc/pic32mx/4.5.2/../../../../pic32mx/lib\libpic32.a(vector19.o)
                0x9d01f460                __vector_dispatch_19
                0x00000001                ASSERT (((_vector_spacing == 0x0) || (SIZEOF (.vector_19) <= (_vector_spacing << 0x5))), function at exception vector 19 too large)

.vector_20      0x9d01f480        0x8
 *(.vector_20)
 .vector_20     0x9d01f480        0x8 c:/program files (x86)/microchip/xc32/v1.34/bin/bin/../../lib/gcc/pic32mx/4.5.2/../../../../pic32mx/lib\libpic32.a(vector20.o)
                0x9d01f480                __vector_dispatch_20
                0x00000001                ASSERT (((_vector_spacing == 0x0) || (SIZEOF (.vector_20) <= (_vector_spacing << 0x5))), function at exception vector 20 too large)

.vector_21      0x9d01f4a0        0x8
 *(.vector_21)
 .vector_21     0x9d01f4a0        0x8 c:/program files (x86)/microchip/xc32/v1.34/bin/bin/../../lib/gcc/pic32mx/4.5.2/../../../../pic32mx/lib\libpic32.a(vector21.o)
                0x9d01f4a0                __vector_dispatch_21
                0x00000001                ASSERT (((_vector_spacing == 0x0) || (SIZEOF (.vector_21) <= (_vector_spacing << 0x5))), function at exception vector 21 too large)

.vector_22      0x9d01f4c0        0x8
 *(.vector_22)
 .vector_22     0x9d01f4c0        0x8 c:/program files (x86)/microchip/xc32/v1.34/bin/bin/../../lib/gcc/pic32mx/4.5.2/../../../../pic32mx/lib\libpic32.a(vector22.o)
                0x9d01f4c0                __vector_dispatch_22
                0x00000001                ASSERT (((_vector_spacing == 0x0) || (SIZEOF (.vector_22) <= (_vector_spacing << 0x5))), function at exception vector 22 too large)

.vector_23      0x9d01f4e0        0x8
 *(.vector_23)
 .vector_23     0x9d01f4e0        0x8 c:/program files (x86)/microchip/xc32/v1.34/bin/bin/../../lib/gcc/pic32mx/4.5.2/../../../../pic32mx/lib\libpic32.a(vector23.o)
                0x9d01f4e0                __vector_dispatch_23
                0x00000001                ASSERT (((_vector_spacing == 0x0) || (SIZEOF (.vector_23) <= (_vector_spacing << 0x5))), function at exception vector 23 too large)

.vector_24      0x9d01f500        0x8
 *(.vector_24)
 .vector_24     0x9d01f500        0x8 c:/program files (x86)/microchip/xc32/v1.34/bin/bin/../../lib/gcc/pic32mx/4.5.2/../../../../pic32mx/lib\libpic32.a(vector24.o)
                0x9d01f500                __vector_dispatch_24
                0x00000001                ASSERT (((_vector_spacing == 0x0) || (SIZEOF (.vector_24) <= (_vector_spacing << 0x5))), function at exception vector 24 too large)

.vector_25      0x9d01f520        0x8
 *(.vector_25)
 .vector_25     0x9d01f520        0x8 c:/program files (x86)/microchip/xc32/v1.34/bin/bin/../../lib/gcc/pic32mx/4.5.2/../../../../pic32mx/lib\libpic32.a(vector25.o)
                0x9d01f520                __vector_dispatch_25
                0x00000001                ASSERT (((_vector_spacing == 0x0) || (SIZEOF (.vector_25) <= (_vector_spacing << 0x5))), function at exception vector 25 too large)

.vector_26      0x9d01f540        0x8
 *(.vector_26)
 .vector_26     0x9d01f540        0x8 c:/program files (x86)/microchip/xc32/v1.34/bin/bin/../../lib/gcc/pic32mx/4.5.2/../../../../pic32mx/lib\libpic32.a(vector26.o)
                0x9d01f540                __vector_dispatch_26
                0x00000001                ASSERT (((_vector_spacing == 0x0) || (SIZEOF (.vector_26) <= (_vector_spacing << 0x5))), function at exception vector 26 too large)

.vector_27      0x9d01f560        0x8
 *(.vector_27)
 .vector_27     0x9d01f560        0x8 c:/program files (x86)/microchip/xc32/v1.34/bin/bin/../../lib/gcc/pic32mx/4.5.2/../../../../pic32mx/lib\libpic32.a(vector27.o)
                0x9d01f560                __vector_dispatch_27
                0x00000001                ASSERT (((_vector_spacing == 0x0) || (SIZEOF (.vector_27) <= (_vector_spacing << 0x5))), function at exception vector 27 too large)

.vector_28      0x9d01f580        0x8
 *(.vector_28)
 .vector_28     0x9d01f580        0x8 c:/program files (x86)/microchip/xc32/v1.34/bin/bin/../../lib/gcc/pic32mx/4.5.2/../../../../pic32mx/lib\libpic32.a(vector28.o)
                0x9d01f580                __vector_dispatch_28
                0x00000001                ASSERT (((_vector_spacing == 0x0) || (SIZEOF (.vector_28) <= (_vector_spacing << 0x5))), function at exception vector 28 too large)

.vector_29      0x9d01f5a0        0x8
 *(.vector_29)
 .vector_29     0x9d01f5a0        0x8 c:/program files (x86)/microchip/xc32/v1.34/bin/bin/../../lib/gcc/pic32mx/4.5.2/../../../../pic32mx/lib\libpic32.a(vector29.o)
                0x9d01f5a0                __vector_dispatch_29
                0x00000001                ASSERT (((_vector_spacing == 0x0) || (SIZEOF (.vector_29) <= (_vector_spacing << 0x5))), function at exception vector 29 too large)

.vector_30      0x9d01f5c0        0x8
 *(.vector_30)
 .vector_30     0x9d01f5c0        0x8 c:/program files (x86)/microchip/xc32/v1.34/bin/bin/../../lib/gcc/pic32mx/4.5.2/../../../../pic32mx/lib\libpic32.a(vector30.o)
                0x9d01f5c0                __vector_dispatch_30
                0x00000001                ASSERT (((_vector_spacing == 0x0) || (SIZEOF (.vector_30) <= (_vector_spacing << 0x5))), function at exception vector 30 too large)

.vector_31      0x9d01f5e0        0x8
 *(.vector_31)
 .vector_31     0x9d01f5e0        0x8 build/default/production/_ext/1210019540/hal_spi.o
                0x9d01f5e0                __vector_dispatch_31
                0x00000001                ASSERT (((_vector_spacing == 0x0) || (SIZEOF (.vector_31) <= (_vector_spacing << 0x5))), function at exception vector 31 too large)

.vector_32      0x9d01f600        0x8
 *(.vector_32)
 .vector_32     0x9d01f600        0x8 build/default/production/_ext/1617561100/hal_uart.o
                0x9d01f600                __vector_dispatch_32
                0x00000001                ASSERT (((_vector_spacing == 0x0) || (SIZEOF (.vector_32) <= (_vector_spacing << 0x5))), function at exception vector 32 too large)

.vector_33      0x9d01f620        0x8
 *(.vector_33)
 .vector_33     0x9d01f620        0x8 c:/program files (x86)/microchip/xc32/v1.34/bin/bin/../../lib/gcc/pic32mx/4.5.2/../../../../pic32mx/lib\libpic32.a(vector33.o)
                0x9d01f620                __vector_dispatch_33
                0x00000001                ASSERT (((_vector_spacing == 0x0) || (SIZEOF (.vector_33) <= (_vector_spacing << 0x5))), function at exception vector 33 too large)

.vector_34      0x9d01f640        0x8
 *(.vector_34)
 .vector_34     0x9d01f640        0x8 c:/program files (x86)/microchip/xc32/v1.34/bin/bin/../../lib/gcc/pic32mx/4.5.2/../../../../pic32mx/lib\libpic32.a(vector34.o)
                0x9d01f640                __vector_dispatch_34
                0x00000001                ASSERT (((_vector_spacing == 0x0) || (SIZEOF (.vector_34) <= (_vector_spacing << 0x5))), function at exception vector 34 too large)

.vector_35      0x9d01f660        0x8
 *(.vector_35)
 .vector_35     0x9d01f660        0x8 c:/program files (x86)/microchip/xc32/v1.34/bin/bin/../../lib/gcc/pic32mx/4.5.2/../../../../pic32mx/lib\libpic32.a(vector35.o)
                0x9d01f660                __vector_dispatch_35
                0x00000001                ASSERT (((_vector_spacing == 0x0) || (SIZEOF (.vector_35) <= (_vector_spacing << 0x5))), function at exception vector 35 too large)

.vector_36      0x9d01f680        0x8
 *(.vector_36)
 .vector_36     0x9d01f680        0x8 c:/program files (x86)/microchip/xc32/v1.34/bin/bin/../../lib/gcc/pic32mx/4.5.2/../../../../pic32mx/lib\libpic32.a(vector36.o)
                0x9d01f680                __vector_dispatch_36
                0x00000001                ASSERT (((_vector_spacing == 0x0) || (SIZEOF (.vector_36) <= (_vector_spacing << 0x5))), function at exception vector 36 too large)

.vector_37      0x9d01f6a0        0x8
 *(.vector_37)
 .vector_37     0x9d01f6a0        0x8 build/default/production/_ext/1617561100/hal_uart.o
                0x9d01f6a0                __vector_dispatch_37
                0x00000001                ASSERT (((_vector_spacing == 0x0) || (SIZEOF (.vector_37) <= (_vector_spacing << 0x5))), function at exception vector 37 too large)

.vector_38      0x9d01f6c0        0x8
 *(.vector_38)
 .vector_38     0x9d01f6c0        0x8 c:/program files (x86)/microchip/xc32/v1.34/bin/bin/../../lib/gcc/pic32mx/4.5.2/../../../../pic32mx/lib\libpic32.a(vector38.o)
                0x9d01f6c0                __vector_dispatch_38
                0x00000001                ASSERT (((_vector_spacing == 0x0) || (SIZEOF (.vector_38) <= (_vector_spacing << 0x5))), function at exception vector 38 too large)

.vector_39      0x9d01f6e0        0x8
 *(.vector_39)
 .vector_39     0x9d01f6e0        0x8 c:/program files (x86)/microchip/xc32/v1.34/bin/bin/../../lib/gcc/pic32mx/4.5.2/../../../../pic32mx/lib\libpic32.a(vector39.o)
                0x9d01f6e0                __vector_dispatch_39
                0x00000001                ASSERT (((_vector_spacing == 0x0) || (SIZEOF (.vector_39) <= (_vector_spacing << 0x5))), function at exception vector 39 too large)

.vector_40      0x9d01f700        0x8
 *(.vector_40)
 .vector_40     0x9d01f700        0x8 c:/program files (x86)/microchip/xc32/v1.34/bin/bin/../../lib/gcc/pic32mx/4.5.2/../../../../pic32mx/lib\libpic32.a(vector40.o)
                0x9d01f700                __vector_dispatch_40
                0x00000001                ASSERT (((_vector_spacing == 0x0) || (SIZEOF (.vector_40) <= (_vector_spacing << 0x5))), function at exception vector 40 too large)

.vector_41      0x9d01f720        0x8
 *(.vector_41)
 .vector_41     0x9d01f720        0x8 c:/program files (x86)/microchip/xc32/v1.34/bin/bin/../../lib/gcc/pic32mx/4.5.2/../../../../pic32mx/lib\libpic32.a(vector41.o)
                0x9d01f720                __vector_dispatch_41
                0x00000001                ASSERT (((_vector_spacing == 0x0) || (SIZEOF (.vector_41) <= (_vector_spacing << 0x5))), function at exception vector 41 too large)

.vector_42      0x9d01f740        0x8
 *(.vector_42)
 .vector_42     0x9d01f740        0x8 c:/program files (x86)/microchip/xc32/v1.34/bin/bin/../../lib/gcc/pic32mx/4.5.2/../../../../pic32mx/lib\libpic32.a(vector42.o)
                0x9d01f740                __vector_dispatch_42
                0x00000001                ASSERT (((_vector_spacing == 0x0) || (SIZEOF (.vector_42) <= (_vector_spacing << 0x5))), function at exception vector 42 too large)

.vector_43      0x9d01f760        0x8
 *(.vector_43)
 .vector_43     0x9d01f760        0x8 c:/program files (x86)/microchip/xc32/v1.34/bin/bin/../../lib/gcc/pic32mx/4.5.2/../../../../pic32mx/lib\libpic32.a(vector43.o)
                0x9d01f760                __vector_dispatch_43
                0x00000001                ASSERT (((_vector_spacing == 0x0) || (SIZEOF (.vector_43) <= (_vector_spacing << 0x5))), function at exception vector 43 too large)

.vector_44      0x9d01f780        0x0
 *(.vector_44)
                0x00000001                ASSERT (((_vector_spacing == 0x0) || (SIZEOF (.vector_44) <= (_vector_spacing << 0x5))), function at exception vector 44 too large)

.vector_45      0x9d01f7a0        0x0
 *(.vector_45)
                0x00000001                ASSERT (((_vector_spacing == 0x0) || (SIZEOF (.vector_45) <= (_vector_spacing << 0x5))), function at exception vector 45 too large)

.vector_46      0x9d01f7c0        0x0
 *(.vector_46)
                0x00000001                ASSERT (((_vector_spacing == 0x0) || (SIZEOF (.vector_46) <= (_vector_spacing << 0x5))), function at exception vector 46 too large)

.vector_47      0x9d01f7e0        0x0
 *(.vector_47)
                0x00000001                ASSERT (((_vector_spacing == 0x0) || (SIZEOF (.vector_47) <= (_vector_spacing << 0x5))), function at exception vector 47 too large)

.vector_48      0x9d01f800        0x0
 *(.vector_48)
                0x00000001                ASSERT (((_vector_spacing == 0x0) || (SIZEOF (.vector_48) <= (_vector_spacing << 0x5))), function at exception vector 48 too large)

.vector_49      0x9d01f820        0x0
 *(.vector_49)
                0x00000001                ASSERT (((_vector_spacing == 0x0) || (SIZEOF (.vector_49) <= (_vector_spacing << 0x5))), function at exception vector 49 too large)

.vector_50      0x9d01f840        0x0
 *(.vector_50)
                0x00000001                ASSERT (((_vector_spacing == 0x0) || (SIZEOF (.vector_50) <= (_vector_spacing << 0x5))), function at exception vector 50 too large)

.vector_51      0x9d01f860        0x0
 *(.vector_51)
                0x00000001                ASSERT (((_vector_spacing == 0x0) || (SIZEOF (.vector_51) <= (_vector_spacing << 0x5))), function at exception vector 51 too large)

.vector_52      0x9d01f880        0x0
 *(.vector_52)
                0x00000001                ASSERT (((_vector_spacing == 0x0) || (SIZEOF (.vector_52) <= (_vector_spacing << 0x5))), function at exception vector 52 too large)

.vector_53      0x9d01f8a0        0x0
 *(.vector_53)
                0x00000001                ASSERT (((_vector_spacing == 0x0) || (SIZEOF (.vector_53) <= (_vector_spacing << 0x5))), function at exception vector 53 too large)

.vector_54      0x9d01f8c0        0x0
 *(.vector_54)
                0x00000001                ASSERT (((_vector_spacing == 0x0) || (SIZEOF (.vector_54) <= (_vector_spacing << 0x5))), function at exception vector 54 too large)

.vector_55      0x9d01f8e0        0x0
 *(.vector_55)
                0x00000001                ASSERT (((_vector_spacing == 0x0) || (SIZEOF (.vector_55) <= (_vector_spacing << 0x5))), function at exception vector 55 too large)

.vector_56      0x9d01f900        0x0
 *(.vector_56)
                0x00000001                ASSERT (((_vector_spacing == 0x0) || (SIZEOF (.vector_56) <= (_vector_spacing << 0x5))), function at exception vector 56 too large)

.vector_57      0x9d01f920        0x0
 *(.vector_57)
                0x00000001                ASSERT (((_vector_spacing == 0x0) || (SIZEOF (.vector_57) <= (_vector_spacing << 0x5))), function at exception vector 57 too large)

.vector_58      0x9d01f940        0x0
 *(.vector_58)
                0x00000001                ASSERT (((_vector_spacing == 0x0) || (SIZEOF (.vector_58) <= (_vector_spacing << 0x5))), function at exception vector 58 too large)

.vector_59      0x9d01f960        0x0
 *(.vector_59)
                0x00000001                ASSERT (((_vector_spacing == 0x0) || (SIZEOF (.vector_59) <= (_vector_spacing << 0x5))), function at exception vector 59 too large)

.vector_60      0x9d01f980        0x0
 *(.vector_60)
                0x00000001                ASSERT (((_vector_spacing == 0x0) || (SIZEOF (.vector_60) <= (_vector_spacing << 0x5))), function at exception vector 60 too large)

.vector_61      0x9d01f9a0        0x0
 *(.vector_61)
                0x00000001                ASSERT (((_vector_spacing == 0x0) || (SIZEOF (.vector_61) <= (_vector_spacing << 0x5))), function at exception vector 61 too large)

.vector_62      0x9d01f9c0        0x0
 *(.vector_62)
                0x00000001                ASSERT (((_vector_spacing == 0x0) || (SIZEOF (.vector_62) <= (_vector_spacing << 0x5))), function at exception vector 62 too large)

.vector_63      0x9d01f9e0        0x0
 *(.vector_63)
                0x00000001                ASSERT (((_vector_spacing == 0x0) || (SIZEOF (.vector_63) <= (_vector_spacing << 0x5))), function at exception vector 63 too large)

.startup
 *(.startup)

.text           0x9d000000        0x0
 *(.stub .gnu.linkonce.t.*)
 *(.text.*personality*)
 *(.mips16.fn.*)
 *(.mips16.call.*)
 *(.gnu.warning)
                0x9d000000                . = ALIGN (0x4)

.init           0x9d000000        0x0
 *crti.o(.init)
 *crtbegin.o(.init)
 *(EXCLUDE_FILE(*crtn.o *crtend?.o *crtend.o) .init)
 *crtend.o(.init)
 *crtn.o(.init)
                0x9d000000                . = ALIGN (0x4)

.fini           0x9d000000        0x0
 *(.fini)
                0x9d000000                . = ALIGN (0x4)

.preinit_array  0x9d000000        0x0
                0x9d000000                PROVIDE (__preinit_array_start, .)
 *(.preinit_array)
                0x9d000000                PROVIDE (__preinit_array_end, .)
                0x9d000000                . = ALIGN (0x4)

.init_array     0x9d000000        0x0
                0x9d000000                PROVIDE (__init_array_start, .)
 *(SORT(.init_array.*))
 *(.init_array)
                0x9d000000                PROVIDE (__init_array_end, .)
                0x9d000000                . = ALIGN (0x4)

.fini_array     0x9d000000        0x0
                0x9d000000                PROVIDE (__fini_array_start, .)
 *(SORT(.fini_array.*))
 *(.fini_array)
                0x9d000000                PROVIDE (__fini_array_end, .)
                0x9d000000                . = ALIGN (0x4)

.ctors          0x9d000000        0x0
 *crtbegin.o(.ctors)
 *crtbegin?.o(.ctors)
 *(EXCLUDE_FILE(*crtend?.o *crtend.o) .ctors)
 *(SORT(.ctors.*))
 *(.ctors)
                0x9d000000                . = ALIGN (0x4)

.dtors          0x9d000000        0x0
 *crtbegin.o(.dtors)
 *crtbegin?.o(.dtors)
 *(EXCLUDE_FILE(*crtend?.o *crtend.o) .dtors)
 *(SORT(.dtors.*))
 *(.dtors)
                0x9d000000                . = ALIGN (0x4)

.rodata         0x9d000000        0x0
 *(.gnu.linkonce.r.*)
 *(.rodata1)
                0x9d000000                . = ALIGN (0x4)

.sdata2         0x9fc00490        0x0
 *(.sdata2 .sdata2.* .gnu.linkonce.s2.*)
                0x9fc00490                . = ALIGN (0x4)

.sbss2          0x9fc00490        0x0
 *(.sbss2 .sbss2.* .gnu.linkonce.sb2.*)
                0x9fc00490                . = ALIGN (0x4)

.eh_frame_hdr
 *(.eh_frame_hdr)
                0x9fc00490                . = ALIGN (0x4)

.eh_frame
 *(.eh_frame)
                0x9fc00490                . = ALIGN (0x4)

.gcc_except_table
 *(.gcc_except_table .gcc_except_table.*)
                0x9fc00490                . = ALIGN (0x4)

.dbg_data       0xa0000000        0x0
                0xa0000000                . = (. + DEFINED (_DEBUGGER)?0x200:0x0)

.jcr            0xa0000000        0x0
 *(.jcr)
                0xa0000000                . = ALIGN (0x4)

.eh_frame
 *(.eh_frame)
                0xa0000000                . = ALIGN (0x4)

.gcc_except_table
 *(.gcc_except_table .gcc_except_table.*)
                0xa0000000                . = ALIGN (0x4)

.persist        0xa0000000        0x0
                0xa0000000                _persist_begin = .
 *(.persist .persist.*)
 *(.pbss .pbss.*)
                0xa0000000                . = ALIGN (0x4)
                0xa0000000                _persist_end = .

.data           0xa0000000        0x0
 *(.gnu.linkonce.d.*)
 *(.data1)
                0xa0000000                . = ALIGN (0x4)
                0xa0000000                . = .
                0xa0007ff0                _gp = (ALIGN (0x10) + 0x7ff0)

.got            0xa0000000        0x0
 *(.got.plt)
 *(.got)
                0xa0000000                . = ALIGN (0x4)

.sdata          0xa0000000       0x10
                0xa0000000                _sdata_begin = .
 *(.sdata .sdata.* .gnu.linkonce.s.*)
 .sdata         0xa0000000        0x1 build/default/production/_ext/225506863/game.o
                0xa0000000                game_last_index
 *fill*         0xa0000001        0x1 
 .sdata         0xa0000002        0x2 build/default/production/_ext/225506863/list.o
 .sdata         0xa0000004        0x8 build/default/production/bomberman.o
                0xa0000004                gameState
 .sdata         0xa000000c        0x1 build/default/production/_ext/225506863/nrf24network.o
                0xa0000010                . = ALIGN (0x4)
 *fill*         0xa000000d        0x3 
                0xa0000010                _sdata_end = .

.lit8
 *(.lit8)

.lit4
 *(.lit4)
                0xa0000010                . = ALIGN (0x4)
                0xa0000010                _data_end = .
                0xa0000010                _bss_begin = .

.sbss           0xa0000010       0x40
                0xa0000010                _sbss_begin = .
 *(.dynsbss)
 *(.sbss .sbss.* .gnu.linkonce.sb.*)
 .sbss          0xa0000010        0x1 build/default/production/_ext/225506863/uart.o
 .sbss          0xa0000011        0x3 build/default/production/_ext/225506863/game.o
                0xa0000011                playing_id
 .sbss          0xa0000014        0x1 build/default/production/_ext/225506863/random_int.o
 *fill*         0xa0000015        0x3 
 .sbss          0xa0000018        0xc build/default/production/_ext/225506863/subsys.o
 .sbss          0xa0000024        0x1 build/default/production/_ext/225506863/task.o
 .sbss          0xa0000025        0x1 build/default/production/_ext/225506863/timing.o
 .sbss          0xa0000026        0x1 build/default/production/bomberman.o
 *fill*         0xa0000027        0x1 
 .sbss          0xa0000028        0x4 build/default/production/_ext/225506863/nrf24network.o
                0xa0000028                second_net_ptr
 .sbss          0xa000002c        0x1 build/default/production/_ext/225506863/spi.o
 *(.scommon)
 .scommon       0xa000002d        0x1 build/default/production/main.o
                0xa000002d                GAMEID
 *fill*         0xa000002e        0x2 
 .scommon       0xa0000030       0x11 build/default/production/_ext/225506863/uart.o
                0xa0000030                receiverList2
                0xa0000038                receiver_array2
                0xa0000040                rx_flags
 .scommon       0xa0000041        0x1 build/default/production/_ext/225506863/event.o
                0xa0000041                size
 .scommon       0xa0000042        0x1 build/default/production/_ext/225506863/game.o
                0xa0000042                game_id
 *fill*         0xa0000043        0x1 
 .scommon       0xa0000044        0x8 build/default/production/_ext/225506863/timing.o
                0xa0000044                rollover_time
                0xa0000048                time_ms
 .scommon       0xa000004c        0x0 build/default/production/bomberman.o
 .scommon       0xa000004c        0x1 build/default/production/_ext/225506863/spi.o
                0xa000004c                spi_subsys_id
 .scommon       0xa000004d        0x0 build/default/production/bomberman_graphics.o
                0xa000004d                _sbss_end = .
                0xa0000050                . = ALIGN (0x4)
 *fill*         0xa000004d        0x3 

.bss            0xa0000050     0x15a8
 *(.dynbss)
 *(COMMON)
 COMMON         0xa0000050      0x9f6 build/default/production/main.o
                0xa0000050                players
                0xa0000244                powerups
                0xa0000564                bombs
 *fill*         0xa0000a46        0x2 
 COMMON         0xa0000a48       0xf4 build/default/production/_ext/225506863/uart.o
                0xa0000a48                rx_buffer_array2
                0xa0000a68                rx2
                0xa0000a80                tx_buffer_array2
                0xa0000b00                tx2
                0xa0000b18                uart
 COMMON         0xa0000b3c       0x10 build/default/production/_ext/225506863/event.o
                0xa0000b3c                events
 COMMON         0xa0000b4c      0x348 build/default/production/_ext/225506863/game.o
                0xa0000b4c                games
 COMMON         0xa0000e94       0xec build/default/production/_ext/225506863/subsys.o
                0xa0000e94                sys
                0xa0000f40                receive_buffer
 COMMON         0xa0000f80      0x268 build/default/production/_ext/225506863/task.o
                0xa0000f80                task_links
                0xa0001070                task_array
                0xa00011b0                task_list
 COMMON         0xa00011e8      0x308 build/default/production/_ext/225506863/nrf24network.o
                0xa00011e8                default_net
 COMMON         0xa00014f0      0x108 build/default/production/_ext/225506863/spi.o
                0xa00014f0                linkArray1
                0xa0001520                transactionArray1
                0xa0001570                spi
                0xa00015f8                . = ALIGN ((. != 0x0)?0x4:0x1)
                0xa00015f8                . = ALIGN (0x4)
                0xa00015f8                _end = .
                0xa00015f8                _bss_end = .
                0x00008000                _bmxdudba_address = 0x8000
                0x00008000                _bmxdupba_address = 0x8000

/DISCARD/
 *(.pdr)
 *(.rel.dyn)
 *(.note.GNU-stack)
 *(.note.GNU-stack)
 *(.gnu_debuglink)
 *(.gnu.lto_*)
 *(.discard)

.gptab.sdata
 *(.gptab.data)
 *(.gptab.sdata)

.gptab.sbss
 *(.gptab.bss)
 *(.gptab.sbss)

.mdebug.abi32   0xa00015f8        0x0
 *(.mdebug.abi32)
 .mdebug.abi32  0xa00015f8        0x0 build/default/production/main.o
 .mdebug.abi32  0xa00015f8        0x0 build/default/production/configuration_bits.o
 .mdebug.abi32  0xa00015f8        0x0 build/default/production/_ext/225506863/uart.o
 .mdebug.abi32  0xa00015f8        0x0 build/default/production/_ext/225506863/buffer.o
 .mdebug.abi32  0xa00015f8        0x0 build/default/production/_ext/225506863/buffer_printf.o
 .mdebug.abi32  0xa00015f8        0x0 build/default/production/_ext/225506863/charReceiverList.o
 .mdebug.abi32  0xa00015f8        0x0 build/default/production/_ext/225506863/event.o
 .mdebug.abi32  0xa00015f8        0x0 build/default/production/_ext/225506863/game.o
 .mdebug.abi32  0xa00015f8        0x0 build/default/production/_ext/225506863/itemBuffer.o
 .mdebug.abi32  0xa00015f8        0x0 build/default/production/_ext/225506863/list.o
 .mdebug.abi32  0xa00015f8        0x0 build/default/production/_ext/225506863/random_int.o
 .mdebug.abi32  0xa00015f8        0x0 build/default/production/_ext/225506863/subsys.o
 .mdebug.abi32  0xa00015f8        0x0 build/default/production/_ext/225506863/task.o
 .mdebug.abi32  0xa00015f8        0x0 build/default/production/_ext/225506863/terminal.o
 .mdebug.abi32  0xa00015f8        0x0 build/default/production/_ext/225506863/timing.o
 .mdebug.abi32  0xa00015f8        0x0 build/default/production/_ext/1617561100/hal_uart.o
 .mdebug.abi32  0xa00015f8        0x0 build/default/production/bomberman.o
 .mdebug.abi32  0xa00015f8        0x0 build/default/production/_ext/225506863/nrf24.o
 .mdebug.abi32  0xa00015f8        0x0 build/default/production/_ext/225506863/nrf24network.o
 .mdebug.abi32  0xa00015f8        0x0 build/default/production/_ext/225506863/spi.o
 .mdebug.abi32  0xa00015f8        0x0 build/default/production/_ext/1210019540/hal_spi.o
 .mdebug.abi32  0xa00015f8        0x0 build/default/production/bomberman_graphics.o
 .mdebug.abi32  0xa00015f8        0x0 build/default/production/bomberman_map.o
 .mdebug.abi32  0xa00015f8        0x0 build/default/production/bomberman_networking.o
 .mdebug.abi32  0xa00015f8        0x0 c:/program files (x86)/microchip/xc32/v1.34/bin/bin/../../lib/gcc/pic32mx/4.5.2/../../../../pic32mx/lib\libmchp_peripheral_32MX250F128B.a(int_enable_interrupts_lib.o)
 .mdebug.abi32  0xa00015f8        0x0 c:/program files (x86)/microchip/xc32/v1.34/bin/bin/../../lib/gcc/pic32mx/4.5.2/../../../../pic32mx/lib\libmchp_peripheral_32MX250F128B.a(int_disable_interrupts_lib.o)
 .mdebug.abi32  0xa00015f8        0x0 c:/program files (x86)/microchip/xc32/v1.34/bin/bin/../../lib/gcc/pic32mx/4.5.2/../../../../pic32mx/lib\libmchp_peripheral_32MX250F128B.a(int_restore_interrupts_lib.o)
 .mdebug.abi32  0xa00015f8        0x0 c:/program files (x86)/microchip/xc32/v1.34/bin/bin/../../lib/gcc/pic32mx/4.5.2/../../../../pic32mx/lib\libpic32.a(default-bootstrap-exception-handler.o)
 .mdebug.abi32  0xa00015f8        0x0 c:/program files (x86)/microchip/xc32/v1.34/bin/bin/../../lib/gcc/pic32mx/4.5.2/../../../../pic32mx/lib\libpic32.a(default-on-reset.o)
 .mdebug.abi32  0xa00015f8        0x0 c:/program files (x86)/microchip/xc32/v1.34/bin/bin/../../lib/gcc/pic32mx/4.5.2/../../../../pic32mx/lib\libpic32.a(default-on-bootstrap.o)
 .mdebug.abi32  0xa00015f8        0x0 c:/program files (x86)/microchip/xc32/v1.34/bin/bin/../../lib/gcc/pic32mx/4.5.2/../../../../pic32mx/lib\libpic32.a(default-general-exception-handler.o)
 .mdebug.abi32  0xa00015f8        0x0 c:/program files (x86)/microchip/xc32/v1.34/bin/bin/../../lib/gcc/pic32mx/4.5.2/../../../../pic32mx/lib\libpic32.a(defaultinterrupt.o)
 .mdebug.abi32  0xa00015f8        0x0 c:/program files (x86)/microchip/xc32/v1.34/bin/bin/../../lib/gcc/pic32mx/4.5.2/../../../../pic32mx/lib\libc.a(rand.o)
 .mdebug.abi32  0xa00015f8        0x0 c:/program files (x86)/microchip/xc32/v1.34/bin/bin/../../lib/gcc/pic32mx/4.5.2/../../../../pic32mx/lib\libc.a(strcasecmp.o)
 .mdebug.abi32  0xa00015f8        0x0 c:/program files (x86)/microchip/xc32/v1.34/bin/bin/../../lib/gcc/pic32mx/4.5.2/../../../../pic32mx/lib\libc.a(ctypef.o)
 .mdebug.abi32  0xa00015f8        0x0 c:/program files (x86)/microchip/xc32/v1.34/bin/bin/../../lib/gcc/pic32mx/4.5.2/../../../../pic32mx/lib\libc.a(ctype.o)

.mdebug.abiN32
 *(.mdebug.abiN32)

.mdebug.abi64
 *(.mdebug.abi64)

.mdebug.abiO64
 *(.mdebug.abiO64)

.mdebug.eabi32
 *(.mdebug.eabi32)

.mdebug.eabi64
 *(.mdebug.eabi64)

.gcc_compiled_long32
 *(.gcc_compiled_long32)

.gcc_compiled_long64
 *(.gcc_compiled_long64)

.stab
 *(.stab)

.stabstr
 *(.stabstr)

.stab.excl
 *(.stab.excl)

.stab.exclstr
 *(.stab.exclstr)

.stab.index
 *(.stab.index)

.stab.indexstr
 *(.stab.indexstr)

.comment        0x00000000      0x12e
 *(.comment)
 .comment       0x00000000       0x3c build/default/production/main.o
                                 0x3d (size before relaxing)
 .comment       0x00000000       0x3d build/default/production/configuration_bits.o
 .comment       0x00000000       0x3d build/default/production/_ext/225506863/uart.o
 .comment       0x00000000       0x3d build/default/production/_ext/225506863/buffer.o
 .comment       0x00000000       0x3d build/default/production/_ext/225506863/buffer_printf.o
 .comment       0x00000000       0x3d build/default/production/_ext/225506863/charReceiverList.o
 .comment       0x00000000       0x3d build/default/production/_ext/225506863/event.o
 .comment       0x00000000       0x3d build/default/production/_ext/225506863/game.o
 .comment       0x00000000       0x3d build/default/production/_ext/225506863/itemBuffer.o
 .comment       0x00000000       0x3d build/default/production/_ext/225506863/list.o
 .comment       0x00000000       0x3d build/default/production/_ext/225506863/random_int.o
 .comment       0x00000000       0x3d build/default/production/_ext/225506863/subsys.o
 .comment       0x00000000       0x3d build/default/production/_ext/225506863/task.o
 .comment       0x00000000       0x3d build/default/production/_ext/225506863/terminal.o
 .comment       0x00000000       0x3d build/default/production/_ext/225506863/timing.o
 .comment       0x00000000       0x3d build/default/production/_ext/1617561100/hal_uart.o
 .comment       0x00000000       0x3d build/default/production/bomberman.o
 .comment       0x00000000       0x3d build/default/production/_ext/225506863/nrf24.o
 .comment       0x00000000       0x3d build/default/production/_ext/225506863/nrf24network.o
 .comment       0x00000000       0x3d build/default/production/_ext/225506863/spi.o
 .comment       0x00000000       0x3d build/default/production/_ext/1210019540/hal_spi.o
 .comment       0x00000000       0x3d build/default/production/bomberman_graphics.o
 .comment       0x00000000       0x3d build/default/production/bomberman_map.o
 .comment       0x00000000       0x3d build/default/production/bomberman_networking.o
 .comment       0x0000003c       0x3c c:/program files (x86)/microchip/xc32/v1.34/bin/bin/../../lib/gcc/pic32mx/4.5.2/../../../../pic32mx/lib\libmchp_peripheral_32MX250F128B.a(int_enable_interrupts_lib.o)
                                 0x3d (size before relaxing)
 .comment       0x00000000       0x3d c:/program files (x86)/microchip/xc32/v1.34/bin/bin/../../lib/gcc/pic32mx/4.5.2/../../../../pic32mx/lib\libmchp_peripheral_32MX250F128B.a(int_disable_interrupts_lib.o)
 .comment       0x00000000       0x3d c:/program files (x86)/microchip/xc32/v1.34/bin/bin/../../lib/gcc/pic32mx/4.5.2/../../../../pic32mx/lib\libmchp_peripheral_32MX250F128B.a(int_restore_interrupts_lib.o)
 .comment       0x00000078       0x19 c:/program files (x86)/microchip/xc32/v1.34/bin/bin/../../lib/gcc/pic32mx/4.5.2/../../../../pic32mx/lib\libpic32.a(strlen.o)
                                 0x1a (size before relaxing)
 .comment       0x00000000       0x3d c:/program files (x86)/microchip/xc32/v1.34/bin/bin/../../lib/gcc/pic32mx/4.5.2/../../../../pic32mx/lib\libpic32.a(default-bootstrap-exception-handler.o)
 .comment       0x00000000       0x3d c:/program files (x86)/microchip/xc32/v1.34/bin/bin/../../lib/gcc/pic32mx/4.5.2/../../../../pic32mx/lib\libpic32.a(default-on-reset.o)
 .comment       0x00000000       0x3d c:/program files (x86)/microchip/xc32/v1.34/bin/bin/../../lib/gcc/pic32mx/4.5.2/../../../../pic32mx/lib\libpic32.a(default-on-bootstrap.o)
 .comment       0x00000000       0x3d c:/program files (x86)/microchip/xc32/v1.34/bin/bin/../../lib/gcc/pic32mx/4.5.2/../../../../pic32mx/lib\libpic32.a(default-general-exception-handler.o)
 .comment       0x00000000       0x3d c:/program files (x86)/microchip/xc32/v1.34/bin/bin/../../lib/gcc/pic32mx/4.5.2/../../../../pic32mx/lib\libpic32.a(defaultinterrupt.o)
 .comment       0x00000000       0x3d c:/program files (x86)/microchip/xc32/v1.34/bin/bin/../../lib/gcc/pic32mx/4.5.2/../../../../pic32mx/lib\libc.a(rand.o)
 .comment       0x00000000       0x3d c:/program files (x86)/microchip/xc32/v1.34/bin/bin/../../lib/gcc/pic32mx/4.5.2/../../../../pic32mx/lib\libc.a(strcasecmp.o)
 .comment       0x00000091       0x4f c:/program files (x86)/microchip/xc32/v1.34/bin/bin/../../lib/gcc/pic32mx/4.5.2/../../../../pic32mx/lib\libc.a(ctypef.o)
                                 0x8c (size before relaxing)
 .comment       0x000000e0       0x4e c:/program files (x86)/microchip/xc32/v1.34/bin/bin/../../lib/gcc/pic32mx/4.5.2/../../../../pic32mx/lib\libc.a(ctype.o)
                                 0x8b (size before relaxing)

.debug
 *(.debug)

.line
 *(.line)

.debug_srcinfo
 *(.debug_srcinfo)

.debug_sfnames
 *(.debug_sfnames)

.debug_aranges  0x00000000      0x4a8
 *(.debug_aranges)
 .debug_aranges
                0x00000000       0x20 build/default/production/main.o
 .debug_aranges
                0x00000020       0x20 build/default/production/_ext/225506863/uart.o
 .debug_aranges
                0x00000040       0x20 build/default/production/_ext/225506863/buffer.o
 .debug_aranges
                0x00000060       0x20 build/default/production/_ext/225506863/buffer_printf.o
 .debug_aranges
                0x00000080       0x20 build/default/production/_ext/225506863/charReceiverList.o
 .debug_aranges
                0x000000a0       0x20 build/default/production/_ext/225506863/event.o
 .debug_aranges
                0x000000c0       0x20 build/default/production/_ext/225506863/game.o
 .debug_aranges
                0x000000e0       0x20 build/default/production/_ext/225506863/itemBuffer.o
 .debug_aranges
                0x00000100       0x20 build/default/production/_ext/225506863/list.o
 .debug_aranges
                0x00000120       0x20 build/default/production/_ext/225506863/random_int.o
 .debug_aranges
                0x00000140       0x20 build/default/production/_ext/225506863/subsys.o
 .debug_aranges
                0x00000160       0x20 build/default/production/_ext/225506863/task.o
 .debug_aranges
                0x00000180       0x20 build/default/production/_ext/225506863/terminal.o
 .debug_aranges
                0x000001a0       0x20 build/default/production/_ext/225506863/timing.o
 .debug_aranges
                0x000001c0       0x20 build/default/production/_ext/1617561100/hal_uart.o
 .debug_aranges
                0x000001e0       0x20 build/default/production/bomberman.o
 .debug_aranges
                0x00000200       0x20 build/default/production/_ext/225506863/nrf24.o
 .debug_aranges
                0x00000220       0x20 build/default/production/_ext/225506863/nrf24network.o
 .debug_aranges
                0x00000240       0x20 build/default/production/_ext/225506863/spi.o
 .debug_aranges
                0x00000260       0x20 build/default/production/_ext/1210019540/hal_spi.o
 .debug_aranges
                0x00000280       0x20 build/default/production/bomberman_graphics.o
 .debug_aranges
                0x000002a0       0x20 build/default/production/bomberman_networking.o
 .debug_aranges
                0x000002c0       0x20 c:/program files (x86)/microchip/xc32/v1.34/bin/bin/../../lib/gcc/pic32mx/4.5.2/../../../../pic32mx/lib\libmchp_peripheral_32MX250F128B.a(int_enable_interrupts_lib.o)
 .debug_aranges
                0x000002e0       0x20 c:/program files (x86)/microchip/xc32/v1.34/bin/bin/../../lib/gcc/pic32mx/4.5.2/../../../../pic32mx/lib\libmchp_peripheral_32MX250F128B.a(int_disable_interrupts_lib.o)
 .debug_aranges
                0x00000300       0x20 c:/program files (x86)/microchip/xc32/v1.34/bin/bin/../../lib/gcc/pic32mx/4.5.2/../../../../pic32mx/lib\libmchp_peripheral_32MX250F128B.a(int_restore_interrupts_lib.o)
 .debug_aranges
                0x00000320       0x20 c:/program files (x86)/microchip/xc32/v1.34/bin/bin/../../lib/gcc/pic32mx/4.5.2/../../../../pic32mx/lib\libpic32.a(default-bootstrap-exception-handler.o)
 .debug_aranges
                0x00000340       0x20 c:/program files (x86)/microchip/xc32/v1.34/bin/bin/../../lib/gcc/pic32mx/4.5.2/../../../../pic32mx/lib\libpic32.a(default-on-reset.o)
 .debug_aranges
                0x00000360       0x20 c:/program files (x86)/microchip/xc32/v1.34/bin/bin/../../lib/gcc/pic32mx/4.5.2/../../../../pic32mx/lib\libpic32.a(default-on-bootstrap.o)
 .debug_aranges
                0x00000380       0x20 c:/program files (x86)/microchip/xc32/v1.34/bin/bin/../../lib/gcc/pic32mx/4.5.2/../../../../pic32mx/lib\libpic32.a(default-general-exception-handler.o)
 .debug_aranges
                0x000003a0       0x20 c:/program files (x86)/microchip/xc32/v1.34/bin/bin/../../lib/gcc/pic32mx/4.5.2/../../../../pic32mx/lib\libpic32.a(defaultinterrupt.o)
 .debug_aranges
                0x000003c0       0x28 c:/program files (x86)/microchip/xc32/v1.34/bin/bin/../../lib/gcc/pic32mx/4.5.2/../../../../pic32mx/lib\libc.a(rand.o)
 .debug_aranges
                0x000003e8       0x20 c:/program files (x86)/microchip/xc32/v1.34/bin/bin/../../lib/gcc/pic32mx/4.5.2/../../../../pic32mx/lib\libc.a(strcasecmp.o)
 .debug_aranges
                0x00000408       0xa0 c:/program files (x86)/microchip/xc32/v1.34/bin/bin/../../lib/gcc/pic32mx/4.5.2/../../../../pic32mx/lib\libc.a(ctypef.o)

.debug_pubnames
                0x00000000     0x1c7c
 *(.debug_pubnames)
 .debug_pubnames
                0x00000000       0x65 build/default/production/main.o
 .debug_pubnames
                0x00000065      0x188 build/default/production/_ext/225506863/uart.o
 .debug_pubnames
                0x000001ed       0x79 build/default/production/_ext/225506863/buffer.o
 .debug_pubnames
                0x00000266       0xa8 build/default/production/_ext/225506863/buffer_printf.o
 .debug_pubnames
                0x0000030e       0x7a build/default/production/_ext/225506863/charReceiverList.o
 .debug_pubnames
                0x00000388       0x6c build/default/production/_ext/225506863/event.o
 .debug_pubnames
                0x000003f4      0x2b7 build/default/production/_ext/225506863/game.o
 .debug_pubnames
                0x000006ab       0x8a build/default/production/_ext/225506863/itemBuffer.o
 .debug_pubnames
                0x00000735      0x1a3 build/default/production/_ext/225506863/list.o
 .debug_pubnames
                0x000008d8       0x21 build/default/production/_ext/225506863/random_int.o
 .debug_pubnames
                0x000008f9      0x144 build/default/production/_ext/225506863/subsys.o
 .debug_pubnames
                0x00000a3d       0xdb build/default/production/_ext/225506863/task.o
 .debug_pubnames
                0x00000b18       0x85 build/default/production/_ext/225506863/terminal.o
 .debug_pubnames
                0x00000b9d       0x9e build/default/production/_ext/225506863/timing.o
 .debug_pubnames
                0x00000c3b      0x176 build/default/production/_ext/1617561100/hal_uart.o
 .debug_pubnames
                0x00000db1      0x34d build/default/production/bomberman.o
 .debug_pubnames
                0x000010fe      0x1b9 build/default/production/_ext/225506863/nrf24.o
 .debug_pubnames
                0x000012b7      0x162 build/default/production/_ext/225506863/nrf24network.o
 .debug_pubnames
                0x00001419       0xe1 build/default/production/_ext/225506863/spi.o
 .debug_pubnames
                0x000014fa      0x1a4 build/default/production/_ext/1210019540/hal_spi.o
 .debug_pubnames
                0x0000169e      0x349 build/default/production/bomberman_graphics.o
 .debug_pubnames
                0x000019e7       0x1e build/default/production/bomberman_networking.o
 .debug_pubnames
                0x00001a05       0x2a c:/program files (x86)/microchip/xc32/v1.34/bin/bin/../../lib/gcc/pic32mx/4.5.2/../../../../pic32mx/lib\libmchp_peripheral_32MX250F128B.a(int_enable_interrupts_lib.o)
 .debug_pubnames
                0x00001a2f       0x2b c:/program files (x86)/microchip/xc32/v1.34/bin/bin/../../lib/gcc/pic32mx/4.5.2/../../../../pic32mx/lib\libmchp_peripheral_32MX250F128B.a(int_disable_interrupts_lib.o)
 .debug_pubnames
                0x00001a5a       0x2b c:/program files (x86)/microchip/xc32/v1.34/bin/bin/../../lib/gcc/pic32mx/4.5.2/../../../../pic32mx/lib\libmchp_peripheral_32MX250F128B.a(int_restore_interrupts_lib.o)
 .debug_pubnames
                0x00001a85       0x33 c:/program files (x86)/microchip/xc32/v1.34/bin/bin/../../lib/gcc/pic32mx/4.5.2/../../../../pic32mx/lib\libpic32.a(default-bootstrap-exception-handler.o)
 .debug_pubnames
                0x00001ab8       0x20 c:/program files (x86)/microchip/xc32/v1.34/bin/bin/../../lib/gcc/pic32mx/4.5.2/../../../../pic32mx/lib\libpic32.a(default-on-reset.o)
 .debug_pubnames
                0x00001ad8       0x24 c:/program files (x86)/microchip/xc32/v1.34/bin/bin/../../lib/gcc/pic32mx/4.5.2/../../../../pic32mx/lib\libpic32.a(default-on-bootstrap.o)
 .debug_pubnames
                0x00001afc       0x31 c:/program files (x86)/microchip/xc32/v1.34/bin/bin/../../lib/gcc/pic32mx/4.5.2/../../../../pic32mx/lib\libpic32.a(default-general-exception-handler.o)
 .debug_pubnames
                0x00001b2d       0x28 c:/program files (x86)/microchip/xc32/v1.34/bin/bin/../../lib/gcc/pic32mx/4.5.2/../../../../pic32mx/lib\libpic32.a(defaultinterrupt.o)
 .debug_pubnames
                0x00001b55       0x25 c:/program files (x86)/microchip/xc32/v1.34/bin/bin/../../lib/gcc/pic32mx/4.5.2/../../../../pic32mx/lib\libc.a(rand.o)
 .debug_pubnames
                0x00001b7a       0x21 c:/program files (x86)/microchip/xc32/v1.34/bin/bin/../../lib/gcc/pic32mx/4.5.2/../../../../pic32mx/lib\libc.a(strcasecmp.o)
 .debug_pubnames
                0x00001b9b       0xe1 c:/program files (x86)/microchip/xc32/v1.34/bin/bin/../../lib/gcc/pic32mx/4.5.2/../../../../pic32mx/lib\libc.a(ctypef.o)

.debug_info     0x00000000    0x12107
 *(.debug_info .gnu.linkonce.wi.*)
 .debug_info    0x00000000     0x16db build/default/production/main.o
 .debug_info    0x000016db       0xe4 build/default/production/configuration_bits.o
 .debug_info    0x000017bf      0x97b build/default/production/_ext/225506863/uart.o
 .debug_info    0x0000213a      0x477 build/default/production/_ext/225506863/buffer.o
 .debug_info    0x000025b1      0x5ad build/default/production/_ext/225506863/buffer_printf.o
 .debug_info    0x00002b5e      0x334 build/default/production/_ext/225506863/charReceiverList.o
 .debug_info    0x00002e92      0x2eb build/default/production/_ext/225506863/event.o
 .debug_info    0x0000317d      0xe3f build/default/production/_ext/225506863/game.o
 .debug_info    0x00003fbc      0x4a7 build/default/production/_ext/225506863/itemBuffer.o
 .debug_info    0x00004463      0xd1b build/default/production/_ext/225506863/list.o
 .debug_info    0x0000517e      0x1ea build/default/production/_ext/225506863/random_int.o
 .debug_info    0x00005368      0xa03 build/default/production/_ext/225506863/subsys.o
 .debug_info    0x00005d6b      0x94f build/default/production/_ext/225506863/task.o
 .debug_info    0x000066ba      0x413 build/default/production/_ext/225506863/terminal.o
 .debug_info    0x00006acd      0x61f build/default/production/_ext/225506863/timing.o
 .debug_info    0x000070ec     0x20ef build/default/production/_ext/1617561100/hal_uart.o
 .debug_info    0x000091db     0x2580 build/default/production/bomberman.o
 .debug_info    0x0000b75b      0xbb3 build/default/production/_ext/225506863/nrf24.o
 .debug_info    0x0000c30e     0x19ff build/default/production/_ext/225506863/nrf24network.o
 .debug_info    0x0000dd0d      0xb30 build/default/production/_ext/225506863/spi.o
 .debug_info    0x0000e83d     0x1749 build/default/production/_ext/1210019540/hal_spi.o
 .debug_info    0x0000ff86     0x14ca build/default/production/bomberman_graphics.o
 .debug_info    0x00011450        0x0 build/default/production/bomberman_map.o
 .debug_info    0x00011450      0x2e0 build/default/production/bomberman_networking.o
 .debug_info    0x00011730       0xb4 c:/program files (x86)/microchip/xc32/v1.34/bin/bin/../../lib/gcc/pic32mx/4.5.2/../../../../pic32mx/lib\libmchp_peripheral_32MX250F128B.a(int_enable_interrupts_lib.o)
 .debug_info    0x000117e4       0xb6 c:/program files (x86)/microchip/xc32/v1.34/bin/bin/../../lib/gcc/pic32mx/4.5.2/../../../../pic32mx/lib\libmchp_peripheral_32MX250F128B.a(int_disable_interrupts_lib.o)
 .debug_info    0x0001189a       0xb6 c:/program files (x86)/microchip/xc32/v1.34/bin/bin/../../lib/gcc/pic32mx/4.5.2/../../../../pic32mx/lib\libmchp_peripheral_32MX250F128B.a(int_restore_interrupts_lib.o)
 .debug_info    0x00011950       0xe2 c:/program files (x86)/microchip/xc32/v1.34/bin/bin/../../lib/gcc/pic32mx/4.5.2/../../../../pic32mx/lib\libpic32.a(default-bootstrap-exception-handler.o)
 .debug_info    0x00011a32       0xbc c:/program files (x86)/microchip/xc32/v1.34/bin/bin/../../lib/gcc/pic32mx/4.5.2/../../../../pic32mx/lib\libpic32.a(default-on-reset.o)
 .debug_info    0x00011aee       0xc4 c:/program files (x86)/microchip/xc32/v1.34/bin/bin/../../lib/gcc/pic32mx/4.5.2/../../../../pic32mx/lib\libpic32.a(default-on-bootstrap.o)
 .debug_info    0x00011bb2       0xde c:/program files (x86)/microchip/xc32/v1.34/bin/bin/../../lib/gcc/pic32mx/4.5.2/../../../../pic32mx/lib\libpic32.a(default-general-exception-handler.o)
 .debug_info    0x00011c90       0xd6 c:/program files (x86)/microchip/xc32/v1.34/bin/bin/../../lib/gcc/pic32mx/4.5.2/../../../../pic32mx/lib\libpic32.a(defaultinterrupt.o)
 .debug_info    0x00011d66       0xcb c:/program files (x86)/microchip/xc32/v1.34/bin/bin/../../lib/gcc/pic32mx/4.5.2/../../../../pic32mx/lib\libc.a(rand.o)
 .debug_info    0x00011e31       0xbd c:/program files (x86)/microchip/xc32/v1.34/bin/bin/../../lib/gcc/pic32mx/4.5.2/../../../../pic32mx/lib\libc.a(strcasecmp.o)
 .debug_info    0x00011eee      0x219 c:/program files (x86)/microchip/xc32/v1.34/bin/bin/../../lib/gcc/pic32mx/4.5.2/../../../../pic32mx/lib\libc.a(ctypef.o)
 .debug_info    0x00012107        0x0 c:/program files (x86)/microchip/xc32/v1.34/bin/bin/../../lib/gcc/pic32mx/4.5.2/../../../../pic32mx/lib\libc.a(ctype.o)

.debug_abbrev   0x00000000     0x239b
 *(.debug_abbrev)
 .debug_abbrev  0x00000000      0x31a build/default/production/main.o
 .debug_abbrev  0x0000031a       0x1f build/default/production/configuration_bits.o
 .debug_abbrev  0x00000339      0x1a8 build/default/production/_ext/225506863/uart.o
 .debug_abbrev  0x000004e1      0x12c build/default/production/_ext/225506863/buffer.o
 .debug_abbrev  0x0000060d       0xc4 build/default/production/_ext/225506863/buffer_printf.o
 .debug_abbrev  0x000006d1       0xdf build/default/production/_ext/225506863/charReceiverList.o
 .debug_abbrev  0x000007b0       0xdf build/default/production/_ext/225506863/event.o
 .debug_abbrev  0x0000088f      0x1fe build/default/production/_ext/225506863/game.o
 .debug_abbrev  0x00000a8d      0x135 build/default/production/_ext/225506863/itemBuffer.o
 .debug_abbrev  0x00000bc2      0x1d7 build/default/production/_ext/225506863/list.o
 .debug_abbrev  0x00000d99       0x63 build/default/production/_ext/225506863/random_int.o
 .debug_abbrev  0x00000dfc      0x22c build/default/production/_ext/225506863/subsys.o
 .debug_abbrev  0x00001028      0x1a4 build/default/production/_ext/225506863/task.o
 .debug_abbrev  0x000011cc       0x8e build/default/production/_ext/225506863/terminal.o
 .debug_abbrev  0x0000125a      0x171 build/default/production/_ext/225506863/timing.o
 .debug_abbrev  0x000013cb      0x202 build/default/production/_ext/1617561100/hal_uart.o
 .debug_abbrev  0x000015cd      0x24a build/default/production/bomberman.o
 .debug_abbrev  0x00001817      0x1af build/default/production/_ext/225506863/nrf24.o
 .debug_abbrev  0x000019c6      0x249 build/default/production/_ext/225506863/nrf24network.o
 .debug_abbrev  0x00001c0f      0x20b build/default/production/_ext/225506863/spi.o
 .debug_abbrev  0x00001e1a      0x1ac build/default/production/_ext/1210019540/hal_spi.o
 .debug_abbrev  0x00001fc6      0x1ad build/default/production/bomberman_graphics.o
 .debug_abbrev  0x00002173        0x1 build/default/production/bomberman_map.o
 .debug_abbrev  0x00002174       0x73 build/default/production/bomberman_networking.o
 .debug_abbrev  0x000021e7       0x25 c:/program files (x86)/microchip/xc32/v1.34/bin/bin/../../lib/gcc/pic32mx/4.5.2/../../../../pic32mx/lib\libmchp_peripheral_32MX250F128B.a(int_enable_interrupts_lib.o)
 .debug_abbrev  0x0000220c       0x25 c:/program files (x86)/microchip/xc32/v1.34/bin/bin/../../lib/gcc/pic32mx/4.5.2/../../../../pic32mx/lib\libmchp_peripheral_32MX250F128B.a(int_disable_interrupts_lib.o)
 .debug_abbrev  0x00002231       0x25 c:/program files (x86)/microchip/xc32/v1.34/bin/bin/../../lib/gcc/pic32mx/4.5.2/../../../../pic32mx/lib\libmchp_peripheral_32MX250F128B.a(int_restore_interrupts_lib.o)
 .debug_abbrev  0x00002256       0x25 c:/program files (x86)/microchip/xc32/v1.34/bin/bin/../../lib/gcc/pic32mx/4.5.2/../../../../pic32mx/lib\libpic32.a(default-bootstrap-exception-handler.o)
 .debug_abbrev  0x0000227b       0x25 c:/program files (x86)/microchip/xc32/v1.34/bin/bin/../../lib/gcc/pic32mx/4.5.2/../../../../pic32mx/lib\libpic32.a(default-on-reset.o)
 .debug_abbrev  0x000022a0       0x25 c:/program files (x86)/microchip/xc32/v1.34/bin/bin/../../lib/gcc/pic32mx/4.5.2/../../../../pic32mx/lib\libpic32.a(default-on-bootstrap.o)
 .debug_abbrev  0x000022c5       0x25 c:/program files (x86)/microchip/xc32/v1.34/bin/bin/../../lib/gcc/pic32mx/4.5.2/../../../../pic32mx/lib\libpic32.a(default-general-exception-handler.o)
 .debug_abbrev  0x000022ea       0x25 c:/program files (x86)/microchip/xc32/v1.34/bin/bin/../../lib/gcc/pic32mx/4.5.2/../../../../pic32mx/lib\libpic32.a(defaultinterrupt.o)
 .debug_abbrev  0x0000230f       0x41 c:/program files (x86)/microchip/xc32/v1.34/bin/bin/../../lib/gcc/pic32mx/4.5.2/../../../../pic32mx/lib\libc.a(rand.o)
 .debug_abbrev  0x00002350       0x25 c:/program files (x86)/microchip/xc32/v1.34/bin/bin/../../lib/gcc/pic32mx/4.5.2/../../../../pic32mx/lib\libc.a(strcasecmp.o)
 .debug_abbrev  0x00002375       0x25 c:/program files (x86)/microchip/xc32/v1.34/bin/bin/../../lib/gcc/pic32mx/4.5.2/../../../../pic32mx/lib\libc.a(ctypef.o)
 .debug_abbrev  0x0000239a        0x1 c:/program files (x86)/microchip/xc32/v1.34/bin/bin/../../lib/gcc/pic32mx/4.5.2/../../../../pic32mx/lib\libc.a(ctype.o)

.debug_line     0x00000000     0x3807
 *(.debug_line)
 .debug_line    0x00000000      0x297 build/default/production/main.o
 .debug_line    0x00000297       0x1d build/default/production/configuration_bits.o
 .debug_line    0x000002b4      0x218 build/default/production/_ext/225506863/uart.o
 .debug_line    0x000004cc      0x150 build/default/production/_ext/225506863/buffer.o
 .debug_line    0x0000061c      0x216 build/default/production/_ext/225506863/buffer_printf.o
 .debug_line    0x00000832      0x13c build/default/production/_ext/225506863/charReceiverList.o
 .debug_line    0x0000096e       0xe9 build/default/production/_ext/225506863/event.o
 .debug_line    0x00000a57      0x2c3 build/default/production/_ext/225506863/game.o
 .debug_line    0x00000d1a      0x148 build/default/production/_ext/225506863/itemBuffer.o
 .debug_line    0x00000e62      0x2c9 build/default/production/_ext/225506863/list.o
 .debug_line    0x0000112b       0xcf build/default/production/_ext/225506863/random_int.o
 .debug_line    0x000011fa      0x2b9 build/default/production/_ext/225506863/subsys.o
 .debug_line    0x000014b3      0x1a9 build/default/production/_ext/225506863/task.o
 .debug_line    0x0000165c      0x117 build/default/production/_ext/225506863/terminal.o
 .debug_line    0x00001773      0x1e0 build/default/production/_ext/225506863/timing.o
 .debug_line    0x00001953      0x2e6 build/default/production/_ext/1617561100/hal_uart.o
 .debug_line    0x00001c39      0x6a6 build/default/production/bomberman.o
 .debug_line    0x000022df      0x24b build/default/production/_ext/225506863/nrf24.o
 .debug_line    0x0000252a      0x460 build/default/production/_ext/225506863/nrf24network.o
 .debug_line    0x0000298a      0x26c build/default/production/_ext/225506863/spi.o
 .debug_line    0x00002bf6      0x25c build/default/production/_ext/1210019540/hal_spi.o
 .debug_line    0x00002e52      0x310 build/default/production/bomberman_graphics.o
 .debug_line    0x00003162        0x0 build/default/production/bomberman_map.o
 .debug_line    0x00003162      0x12d build/default/production/bomberman_networking.o
 .debug_line    0x0000328f       0x72 c:/program files (x86)/microchip/xc32/v1.34/bin/bin/../../lib/gcc/pic32mx/4.5.2/../../../../pic32mx/lib\libmchp_peripheral_32MX250F128B.a(int_enable_interrupts_lib.o)
 .debug_line    0x00003301       0x73 c:/program files (x86)/microchip/xc32/v1.34/bin/bin/../../lib/gcc/pic32mx/4.5.2/../../../../pic32mx/lib\libmchp_peripheral_32MX250F128B.a(int_disable_interrupts_lib.o)
 .debug_line    0x00003374       0x73 c:/program files (x86)/microchip/xc32/v1.34/bin/bin/../../lib/gcc/pic32mx/4.5.2/../../../../pic32mx/lib\libmchp_peripheral_32MX250F128B.a(int_restore_interrupts_lib.o)
 .debug_line    0x000033e7       0x97 c:/program files (x86)/microchip/xc32/v1.34/bin/bin/../../lib/gcc/pic32mx/4.5.2/../../../../pic32mx/lib\libpic32.a(default-bootstrap-exception-handler.o)
 .debug_line    0x0000347e       0x84 c:/program files (x86)/microchip/xc32/v1.34/bin/bin/../../lib/gcc/pic32mx/4.5.2/../../../../pic32mx/lib\libpic32.a(default-on-reset.o)
 .debug_line    0x00003502       0x88 c:/program files (x86)/microchip/xc32/v1.34/bin/bin/../../lib/gcc/pic32mx/4.5.2/../../../../pic32mx/lib\libpic32.a(default-on-bootstrap.o)
 .debug_line    0x0000358a       0x95 c:/program files (x86)/microchip/xc32/v1.34/bin/bin/../../lib/gcc/pic32mx/4.5.2/../../../../pic32mx/lib\libpic32.a(default-general-exception-handler.o)
 .debug_line    0x0000361f       0x96 c:/program files (x86)/microchip/xc32/v1.34/bin/bin/../../lib/gcc/pic32mx/4.5.2/../../../../pic32mx/lib\libpic32.a(defaultinterrupt.o)
 .debug_line    0x000036b5       0x6e c:/program files (x86)/microchip/xc32/v1.34/bin/bin/../../lib/gcc/pic32mx/4.5.2/../../../../pic32mx/lib\libc.a(rand.o)
 .debug_line    0x00003723       0x74 c:/program files (x86)/microchip/xc32/v1.34/bin/bin/../../lib/gcc/pic32mx/4.5.2/../../../../pic32mx/lib\libc.a(strcasecmp.o)
 .debug_line    0x00003797       0x70 c:/program files (x86)/microchip/xc32/v1.34/bin/bin/../../lib/gcc/pic32mx/4.5.2/../../../../pic32mx/lib\libc.a(ctypef.o)
 .debug_line    0x00003807        0x0 c:/program files (x86)/microchip/xc32/v1.34/bin/bin/../../lib/gcc/pic32mx/4.5.2/../../../../pic32mx/lib\libc.a(ctype.o)

.debug_frame    0x00000000     0x2b10
 *(.debug_frame)
 .debug_frame   0x00000000       0x48 build/default/production/main.o
 .debug_frame   0x00000048      0x188 build/default/production/_ext/225506863/uart.o
 .debug_frame   0x000001d0       0xd4 build/default/production/_ext/225506863/buffer.o
 .debug_frame   0x000002a4      0x128 build/default/production/_ext/225506863/buffer_printf.o
 .debug_frame   0x000003cc       0x80 build/default/production/_ext/225506863/charReceiverList.o
 .debug_frame   0x0000044c       0x80 build/default/production/_ext/225506863/event.o
 .debug_frame   0x000004cc      0x33c build/default/production/_ext/225506863/game.o
 .debug_frame   0x00000808       0xb8 build/default/production/_ext/225506863/itemBuffer.o
 .debug_frame   0x000008c0      0x2e8 build/default/production/_ext/225506863/list.o
 .debug_frame   0x00000ba8       0x2c build/default/production/_ext/225506863/random_int.o
 .debug_frame   0x00000bd4      0x1f8 build/default/production/_ext/225506863/subsys.o
 .debug_frame   0x00000dcc      0x12c build/default/production/_ext/225506863/task.o
 .debug_frame   0x00000ef8       0x9c build/default/production/_ext/225506863/terminal.o
 .debug_frame   0x00000f94       0xd8 build/default/production/_ext/225506863/timing.o
 .debug_frame   0x0000106c      0x228 build/default/production/_ext/1617561100/hal_uart.o
 .debug_frame   0x00001294      0x828 build/default/production/bomberman.o
 .debug_frame   0x00001abc      0x240 build/default/production/_ext/225506863/nrf24.o
 .debug_frame   0x00001cfc      0x4d8 build/default/production/_ext/225506863/nrf24network.o
 .debug_frame   0x000021d4       0xf8 build/default/production/_ext/225506863/spi.o
 .debug_frame   0x000022cc      0x218 build/default/production/_ext/1210019540/hal_spi.o
 .debug_frame   0x000024e4      0x374 build/default/production/bomberman_graphics.o
 .debug_frame   0x00002858       0x2c build/default/production/bomberman_networking.o
 .debug_frame   0x00002884       0x20 c:/program files (x86)/microchip/xc32/v1.34/bin/bin/../../lib/gcc/pic32mx/4.5.2/../../../../pic32mx/lib\libmchp_peripheral_32MX250F128B.a(int_enable_interrupts_lib.o)
 .debug_frame   0x000028a4       0x20 c:/program files (x86)/microchip/xc32/v1.34/bin/bin/../../lib/gcc/pic32mx/4.5.2/../../../../pic32mx/lib\libmchp_peripheral_32MX250F128B.a(int_disable_interrupts_lib.o)
 .debug_frame   0x000028c4       0x20 c:/program files (x86)/microchip/xc32/v1.34/bin/bin/../../lib/gcc/pic32mx/4.5.2/../../../../pic32mx/lib\libmchp_peripheral_32MX250F128B.a(int_restore_interrupts_lib.o)
 .debug_frame   0x000028e4       0x28 c:/program files (x86)/microchip/xc32/v1.34/bin/bin/../../lib/gcc/pic32mx/4.5.2/../../../../pic32mx/lib\libpic32.a(default-bootstrap-exception-handler.o)
 .debug_frame   0x0000290c       0x20 c:/program files (x86)/microchip/xc32/v1.34/bin/bin/../../lib/gcc/pic32mx/4.5.2/../../../../pic32mx/lib\libpic32.a(default-on-reset.o)
 .debug_frame   0x0000292c       0x20 c:/program files (x86)/microchip/xc32/v1.34/bin/bin/../../lib/gcc/pic32mx/4.5.2/../../../../pic32mx/lib\libpic32.a(default-on-bootstrap.o)
 .debug_frame   0x0000294c       0x28 c:/program files (x86)/microchip/xc32/v1.34/bin/bin/../../lib/gcc/pic32mx/4.5.2/../../../../pic32mx/lib\libpic32.a(default-general-exception-handler.o)
 .debug_frame   0x00002974       0x20 c:/program files (x86)/microchip/xc32/v1.34/bin/bin/../../lib/gcc/pic32mx/4.5.2/../../../../pic32mx/lib\libpic32.a(defaultinterrupt.o)
 .debug_frame   0x00002994       0x30 c:/program files (x86)/microchip/xc32/v1.34/bin/bin/../../lib/gcc/pic32mx/4.5.2/../../../../pic32mx/lib\libc.a(rand.o)
 .debug_frame   0x000029c4       0x2c c:/program files (x86)/microchip/xc32/v1.34/bin/bin/../../lib/gcc/pic32mx/4.5.2/../../../../pic32mx/lib\libc.a(strcasecmp.o)
 .debug_frame   0x000029f0      0x120 c:/program files (x86)/microchip/xc32/v1.34/bin/bin/../../lib/gcc/pic32mx/4.5.2/../../../../pic32mx/lib\libc.a(ctypef.o)

.debug_str      0x00000000      0x985
 *(.debug_str)
 .debug_str     0x00000000      0x105 build/default/production/main.o
 .debug_str     0x00000105        0x0 build/default/production/configuration_bits.o
 .debug_str     0x00000105       0x6d build/default/production/_ext/225506863/uart.o
 .debug_str     0x00000172       0x4d build/default/production/_ext/225506863/buffer.o
 .debug_str     0x000001bf        0x0 build/default/production/_ext/225506863/buffer_printf.o
 .debug_str     0x000001bf       0x2b build/default/production/_ext/225506863/charReceiverList.o
 .debug_str     0x000001ea        0x0 build/default/production/_ext/225506863/event.o
 .debug_str     0x000001ea       0x38 build/default/production/_ext/225506863/game.o
 .debug_str     0x00000222       0x4e build/default/production/_ext/225506863/itemBuffer.o
 .debug_str     0x00000270       0x79 build/default/production/_ext/225506863/list.o
 .debug_str     0x000002e9        0x0 build/default/production/_ext/225506863/random_int.o
 .debug_str     0x000002e9       0x2c build/default/production/_ext/225506863/subsys.o
 .debug_str     0x00000315       0x52 build/default/production/_ext/225506863/task.o
 .debug_str     0x00000367        0x8 build/default/production/_ext/225506863/terminal.o
 .debug_str     0x0000036f       0x17 build/default/production/_ext/225506863/timing.o
 .debug_str     0x00000386      0x173 build/default/production/_ext/1617561100/hal_uart.o
 .debug_str     0x000004f9      0x26a build/default/production/bomberman.o
 .debug_str     0x00000763       0x33 build/default/production/_ext/225506863/nrf24.o
 .debug_str     0x00000796       0x67 build/default/production/_ext/225506863/nrf24network.o
 .debug_str     0x000007fd       0x6a build/default/production/_ext/225506863/spi.o
 .debug_str     0x00000867       0xb7 build/default/production/_ext/1210019540/hal_spi.o
 .debug_str     0x0000091e       0x67 build/default/production/bomberman_graphics.o
 .debug_str     0x00000985        0x0 build/default/production/bomberman_map.o
 .debug_str     0x00000985        0x0 build/default/production/bomberman_networking.o
 .debug_str     0x00000985        0x0 c:/program files (x86)/microchip/xc32/v1.34/bin/bin/../../lib/gcc/pic32mx/4.5.2/../../../../pic32mx/lib\libmchp_peripheral_32MX250F128B.a(int_enable_interrupts_lib.o)
 .debug_str     0x00000985        0x0 c:/program files (x86)/microchip/xc32/v1.34/bin/bin/../../lib/gcc/pic32mx/4.5.2/../../../../pic32mx/lib\libmchp_peripheral_32MX250F128B.a(int_disable_interrupts_lib.o)
 .debug_str     0x00000985        0x0 c:/program files (x86)/microchip/xc32/v1.34/bin/bin/../../lib/gcc/pic32mx/4.5.2/../../../../pic32mx/lib\libmchp_peripheral_32MX250F128B.a(int_restore_interrupts_lib.o)
 .debug_str     0x00000985        0x0 c:/program files (x86)/microchip/xc32/v1.34/bin/bin/../../lib/gcc/pic32mx/4.5.2/../../../../pic32mx/lib\libpic32.a(default-bootstrap-exception-handler.o)
 .debug_str     0x00000985        0x0 c:/program files (x86)/microchip/xc32/v1.34/bin/bin/../../lib/gcc/pic32mx/4.5.2/../../../../pic32mx/lib\libpic32.a(default-on-reset.o)
 .debug_str     0x00000985        0x0 c:/program files (x86)/microchip/xc32/v1.34/bin/bin/../../lib/gcc/pic32mx/4.5.2/../../../../pic32mx/lib\libpic32.a(default-on-bootstrap.o)
 .debug_str     0x00000985        0x0 c:/program files (x86)/microchip/xc32/v1.34/bin/bin/../../lib/gcc/pic32mx/4.5.2/../../../../pic32mx/lib\libpic32.a(default-general-exception-handler.o)
 .debug_str     0x00000985        0x0 c:/program files (x86)/microchip/xc32/v1.34/bin/bin/../../lib/gcc/pic32mx/4.5.2/../../../../pic32mx/lib\libpic32.a(defaultinterrupt.o)
 .debug_str     0x00000985        0x0 c:/program files (x86)/microchip/xc32/v1.34/bin/bin/../../lib/gcc/pic32mx/4.5.2/../../../../pic32mx/lib\libc.a(rand.o)
 .debug_str     0x00000985        0x0 c:/program files (x86)/microchip/xc32/v1.34/bin/bin/../../lib/gcc/pic32mx/4.5.2/../../../../pic32mx/lib\libc.a(strcasecmp.o)
 .debug_str     0x00000985        0x0 c:/program files (x86)/microchip/xc32/v1.34/bin/bin/../../lib/gcc/pic32mx/4.5.2/../../../../pic32mx/lib\libc.a(ctypef.o)
 .debug_str     0x00000985        0x0 c:/program files (x86)/microchip/xc32/v1.34/bin/bin/../../lib/gcc/pic32mx/4.5.2/../../../../pic32mx/lib\libc.a(ctype.o)

.debug_loc
 *(.debug_loc)

.debug_macinfo
 *(.debug_macinfo)

.debug_weaknames
 *(.debug_weaknames)

.debug_funcnames
 *(.debug_funcnames)

.debug_typenames
 *(.debug_typenames)

.debug_varnames
 *(.debug_varnames)

.debug_pubtypes
                0x00000000     0x10e5
 *(.debug_pubtypes)
 .debug_pubtypes
                0x00000000      0x17a build/default/production/main.o
 .debug_pubtypes
                0x0000017a       0x12 build/default/production/configuration_bits.o
 .debug_pubtypes
                0x0000018c       0xe2 build/default/production/_ext/225506863/uart.o
 .debug_pubtypes
                0x0000026e       0x2e build/default/production/_ext/225506863/buffer.o
 .debug_pubtypes
                0x0000029c       0x73 build/default/production/_ext/225506863/buffer_printf.o
 .debug_pubtypes
                0x0000030f       0x62 build/default/production/_ext/225506863/charReceiverList.o
 .debug_pubtypes
                0x00000371       0x5f build/default/production/_ext/225506863/event.o
 .debug_pubtypes
                0x000003d0       0xe1 build/default/production/_ext/225506863/game.o
 .debug_pubtypes
                0x000004b1       0x41 build/default/production/_ext/225506863/itemBuffer.o
 .debug_pubtypes
                0x000004f2       0x85 build/default/production/_ext/225506863/list.o
 .debug_pubtypes
                0x00000577       0x20 build/default/production/_ext/225506863/random_int.o
 .debug_pubtypes
                0x00000597       0xed build/default/production/_ext/225506863/subsys.o
 .debug_pubtypes
                0x00000684      0x110 build/default/production/_ext/225506863/task.o
 .debug_pubtypes
                0x00000794       0x2f build/default/production/_ext/225506863/terminal.o
 .debug_pubtypes
                0x000007c3       0x7c build/default/production/_ext/225506863/timing.o
 .debug_pubtypes
                0x0000083f      0x1ac build/default/production/_ext/1617561100/hal_uart.o
 .debug_pubtypes
                0x000009eb      0x142 build/default/production/bomberman.o
 .debug_pubtypes
                0x00000b2d       0xc3 build/default/production/_ext/225506863/nrf24.o
 .debug_pubtypes
                0x00000bf0      0x18f build/default/production/_ext/225506863/nrf24network.o
 .debug_pubtypes
                0x00000d7f      0x17e build/default/production/_ext/225506863/spi.o
 .debug_pubtypes
                0x00000efd      0x102 build/default/production/_ext/1210019540/hal_spi.o
 .debug_pubtypes
                0x00000fff       0xb4 build/default/production/bomberman_graphics.o
 .debug_pubtypes
                0x000010b3       0x32 build/default/production/bomberman_networking.o

.debug_ranges   0x00000000      0x198
 *(.debug_ranges)
 .debug_ranges  0x00000000       0x18 build/default/production/bomberman.o
 .debug_ranges  0x00000018       0x48 build/default/production/_ext/225506863/nrf24network.o
 .debug_ranges  0x00000060       0x10 c:/program files (x86)/microchip/xc32/v1.34/bin/bin/../../lib/gcc/pic32mx/4.5.2/../../../../pic32mx/lib\libmchp_peripheral_32MX250F128B.a(int_enable_interrupts_lib.o)
 .debug_ranges  0x00000070       0x10 c:/program files (x86)/microchip/xc32/v1.34/bin/bin/../../lib/gcc/pic32mx/4.5.2/../../../../pic32mx/lib\libmchp_peripheral_32MX250F128B.a(int_disable_interrupts_lib.o)
 .debug_ranges  0x00000080       0x10 c:/program files (x86)/microchip/xc32/v1.34/bin/bin/../../lib/gcc/pic32mx/4.5.2/../../../../pic32mx/lib\libmchp_peripheral_32MX250F128B.a(int_restore_interrupts_lib.o)
 .debug_ranges  0x00000090       0x10 c:/program files (x86)/microchip/xc32/v1.34/bin/bin/../../lib/gcc/pic32mx/4.5.2/../../../../pic32mx/lib\libpic32.a(default-bootstrap-exception-handler.o)
 .debug_ranges  0x000000a0       0x10 c:/program files (x86)/microchip/xc32/v1.34/bin/bin/../../lib/gcc/pic32mx/4.5.2/../../../../pic32mx/lib\libpic32.a(default-on-reset.o)
 .debug_ranges  0x000000b0       0x10 c:/program files (x86)/microchip/xc32/v1.34/bin/bin/../../lib/gcc/pic32mx/4.5.2/../../../../pic32mx/lib\libpic32.a(default-on-bootstrap.o)
 .debug_ranges  0x000000c0       0x10 c:/program files (x86)/microchip/xc32/v1.34/bin/bin/../../lib/gcc/pic32mx/4.5.2/../../../../pic32mx/lib\libpic32.a(default-general-exception-handler.o)
 .debug_ranges  0x000000d0       0x10 c:/program files (x86)/microchip/xc32/v1.34/bin/bin/../../lib/gcc/pic32mx/4.5.2/../../../../pic32mx/lib\libpic32.a(defaultinterrupt.o)
 .debug_ranges  0x000000e0       0x18 c:/program files (x86)/microchip/xc32/v1.34/bin/bin/../../lib/gcc/pic32mx/4.5.2/../../../../pic32mx/lib\libc.a(rand.o)
 .debug_ranges  0x000000f8       0x10 c:/program files (x86)/microchip/xc32/v1.34/bin/bin/../../lib/gcc/pic32mx/4.5.2/../../../../pic32mx/lib\libc.a(strcasecmp.o)
 .debug_ranges  0x00000108       0x90 c:/program files (x86)/microchip/xc32/v1.34/bin/bin/../../lib/gcc/pic32mx/4.5.2/../../../../pic32mx/lib\libc.a(ctypef.o)

.gnu.attributes
                0x00000000       0x10
 *(.gnu.attributes)
 .gnu.attributes
                0x00000000       0x10 build/default/production/main.o
 .gnu.attributes
                0x00000010       0x10 build/default/production/configuration_bits.o
 .gnu.attributes
                0x00000020       0x10 build/default/production/_ext/225506863/uart.o
 .gnu.attributes
                0x00000030       0x10 build/default/production/_ext/225506863/buffer.o
 .gnu.attributes
                0x00000040       0x10 build/default/production/_ext/225506863/buffer_printf.o
 .gnu.attributes
                0x00000050       0x10 build/default/production/_ext/225506863/charReceiverList.o
 .gnu.attributes
                0x00000060       0x10 build/default/production/_ext/225506863/event.o
 .gnu.attributes
                0x00000070       0x10 build/default/production/_ext/225506863/game.o
 .gnu.attributes
                0x00000080       0x10 build/default/production/_ext/225506863/itemBuffer.o
 .gnu.attributes
                0x00000090       0x10 build/default/production/_ext/225506863/list.o
 .gnu.attributes
                0x000000a0       0x10 build/default/production/_ext/225506863/random_int.o
 .gnu.attributes
                0x000000b0       0x10 build/default/production/_ext/225506863/subsys.o
 .gnu.attributes
                0x000000c0       0x10 build/default/production/_ext/225506863/task.o
 .gnu.attributes
                0x000000d0       0x10 build/default/production/_ext/225506863/terminal.o
 .gnu.attributes
                0x000000e0       0x10 build/default/production/_ext/225506863/timing.o
 .gnu.attributes
                0x000000f0       0x10 build/default/production/_ext/1617561100/hal_uart.o
 .gnu.attributes
                0x00000100       0x10 build/default/production/bomberman.o
 .gnu.attributes
                0x00000110       0x10 build/default/production/_ext/225506863/nrf24.o
 .gnu.attributes
                0x00000120       0x10 build/default/production/_ext/225506863/nrf24network.o
 .gnu.attributes
                0x00000130       0x10 build/default/production/_ext/225506863/spi.o
 .gnu.attributes
                0x00000140       0x10 build/default/production/_ext/1210019540/hal_spi.o
 .gnu.attributes
                0x00000150       0x10 build/default/production/bomberman_graphics.o
 .gnu.attributes
                0x00000160       0x10 build/default/production/bomberman_map.o
 .gnu.attributes
                0x00000170       0x10 build/default/production/bomberman_networking.o
 .gnu.attributes
                0x00000180       0x10 c:/program files (x86)/microchip/xc32/v1.34/bin/bin/../../lib/gcc/pic32mx/4.5.2/../../../../pic32mx/lib\libmchp_peripheral_32MX250F128B.a(int_enable_interrupts_lib.o)
 .gnu.attributes
                0x00000190       0x10 c:/program files (x86)/microchip/xc32/v1.34/bin/bin/../../lib/gcc/pic32mx/4.5.2/../../../../pic32mx/lib\libmchp_peripheral_32MX250F128B.a(int_disable_interrupts_lib.o)
 .gnu.attributes
                0x000001a0       0x10 c:/program files (x86)/microchip/xc32/v1.34/bin/bin/../../lib/gcc/pic32mx/4.5.2/../../../../pic32mx/lib\libmchp_peripheral_32MX250F128B.a(int_restore_interrupts_lib.o)
 .gnu.attributes
                0x000001b0       0x10 c:/program files (x86)/microchip/xc32/v1.34/bin/bin/../../lib/gcc/pic32mx/4.5.2/../../../../pic32mx/lib\libpic32.a(default-bootstrap-exception-handler.o)
 .gnu.attributes
                0x000001c0       0x10 c:/program files (x86)/microchip/xc32/v1.34/bin/bin/../../lib/gcc/pic32mx/4.5.2/../../../../pic32mx/lib\libpic32.a(default-on-reset.o)
 .gnu.attributes
                0x000001d0       0x10 c:/program files (x86)/microchip/xc32/v1.34/bin/bin/../../lib/gcc/pic32mx/4.5.2/../../../../pic32mx/lib\libpic32.a(default-on-bootstrap.o)
 .gnu.attributes
                0x000001e0       0x10 c:/program files (x86)/microchip/xc32/v1.34/bin/bin/../../lib/gcc/pic32mx/4.5.2/../../../../pic32mx/lib\libpic32.a(default-general-exception-handler.o)
 .gnu.attributes
                0x000001f0       0x10 c:/program files (x86)/microchip/xc32/v1.34/bin/bin/../../lib/gcc/pic32mx/4.5.2/../../../../pic32mx/lib\libpic32.a(defaultinterrupt.o)
 .gnu.attributes
                0x00000200       0x10 c:/program files (x86)/microchip/xc32/v1.34/bin/bin/../../lib/gcc/pic32mx/4.5.2/../../../../pic32mx/lib\libc.a(rand.o)
 .gnu.attributes
                0x00000210       0x10 c:/program files (x86)/microchip/xc32/v1.34/bin/bin/../../lib/gcc/pic32mx/4.5.2/../../../../pic32mx/lib\libc.a(strcasecmp.o)
 .gnu.attributes
                0x00000220       0x10 c:/program files (x86)/microchip/xc32/v1.34/bin/bin/../../lib/gcc/pic32mx/4.5.2/../../../../pic32mx/lib\libc.a(ctypef.o)
 .gnu.attributes
                0x00000230       0x10 c:/program files (x86)/microchip/xc32/v1.34/bin/bin/../../lib/gcc/pic32mx/4.5.2/../../../../pic32mx/lib\libc.a(ctype.o)
LOAD c:/program files (x86)/microchip/xc32/v1.34/bin/bin/../../lib/gcc/pic32mx/4.5.2\libgcc.a
START GROUP
LOAD c:/program files (x86)/microchip/xc32/v1.34/bin/bin/../../lib/gcc/pic32mx/4.5.2/../../../../pic32mx/lib\libpic32.a
LOAD c:/program files (x86)/microchip/xc32/v1.34/bin/bin/../../lib/gcc/pic32mx/4.5.2/../../../../pic32mx/lib\libdebug.a
LOAD c:/program files (x86)/microchip/xc32/v1.34/bin/bin/../../lib/gcc/pic32mx/4.5.2/../../../../pic32mx/lib\libpic32.a
LOAD c:/program files (x86)/microchip/xc32/v1.34/bin/bin/../../lib/gcc/pic32mx/4.5.2/../../../../pic32mx/lib\libm.a
LOAD c:/program files (x86)/microchip/xc32/v1.34/bin/bin/../../lib/gcc/pic32mx/4.5.2/../../../../pic32mx/lib\libe.a
LOAD c:/program files (x86)/microchip/xc32/v1.34/bin/bin/../../lib/gcc/pic32mx/4.5.2/../../../../pic32mx/lib\libdsp.a
LOAD c:/program files (x86)/microchip/xc32/v1.34/bin/bin/../../lib/gcc/pic32mx/4.5.2\libgcc.a
LOAD c:/program files (x86)/microchip/xc32/v1.34/bin/bin/../../lib/gcc/pic32mx/4.5.2/../../../../pic32mx/lib\libc.a
LOAD c:/program files (x86)/microchip/xc32/v1.34/bin/bin/../../lib/gcc/pic32mx/4.5.2/../../../../pic32mx/lib\libpic32.a
END GROUP
LOAD c:/program files (x86)/microchip/xc32/v1.34/bin/bin/../../lib/gcc/pic32mx/4.5.2\libgcc.a
OUTPUT(dist/default/production/BomberMan_MP.production.elf elf32-tradlittlemips)
LOAD stack
LOAD data_init

.reginfo        0x00000000       0x18
 .reginfo       0x00000000       0x18 c:/program files (x86)/microchip/xc32/v1.34/bin/bin/../../lib/gcc/pic32mx/4.5.2/../../../../pic32mx/lib/./proc/32MX250F128B/crt0_mips32r2.o

.stack          0xa0001d30      0x400
 .stack         0xa0001d30      0x400 stack

.data           0xa00015f8      0x6f4
 .data          0xa00015f8      0x6c8 build/default/production/bomberman.o
                0xa00015f8                Player1_default
                0xa000160c                Player2_default
                0xa0001620                Player3_default
                0xa0001634                Player4_default
                0xa0001648                Player5_default
                0xa000165c                Player6_default
                0xa0001670                Player7_default
                0xa0001684                Player8_default
                0xa0001698                Player9_default
                0xa00016ac                Player10_default
                0xa00016c0                Player11_default
                0xa00016d4                Player12_default
                0xa00016e8                Player13_default
                0xa00016fc                Player14_default
                0xa0001710                Player15_default
                0xa0001724                Player16_default
                0xa0001738                Player17_default
                0xa000174c                Player18_default
                0xa0001760                Player19_default
                0xa0001774                Player20_default
                0xa0001788                Player21_default
                0xa000179c                Player22_default
                0xa00017b0                Player23_default
                0xa00017c4                Player24_default
                0xa00017d8                Player25_default
                0xa00017ec                titleTile
                0xa0001850                map_2_2
                0xa00018b4                map_3_3
                0xa0001978                map_4_4
                0xa0001abc                map_5_5
                0xa0001ca0                Bomb_default
                0xa0001cac                player_default
 .data          0xa0001cc0       0x2c build/default/production/_ext/225506863/subsys.o
                0xa0001cc0                priority_level_name

.bss            0xa0001cf0       0x10
 .bss           0xa0001cf0       0x10 c:/program files (x86)/microchip/xc32/v1.34/bin/bin/../../lib/gcc/pic32mx/4.5.2/../../../../pic32mx/lib\libc.a(rand.o)

.bss%z1         0x00000000        0x0
 .bss           0x00000000        0x0 c:/program files (x86)/microchip/xc32/v1.34/bin/bin/../../lib/gcc/pic32mx/4.5.2/../../../../pic32mx/lib\libc.a(ctype.o)

.data%z2        0x00000000        0x0
 .data          0x00000000        0x0 c:/program files (x86)/microchip/xc32/v1.34/bin/bin/../../lib/gcc/pic32mx/4.5.2/../../../../pic32mx/lib\libc.a(ctype.o)

.bss%z3         0x00000000        0x0
 .bss           0x00000000        0x0 c:/program files (x86)/microchip/xc32/v1.34/bin/bin/../../lib/gcc/pic32mx/4.5.2/../../../../pic32mx/lib\libc.a(ctypef.o)

.data%z4        0x00000000        0x0